Microchip MPLAB XC8 Compiler V2.31

Linker command line:

-W-3 --edf=/opt/microchip/xc8/v2.31/pic/dat/en_msgs.txt -cn \
  -h+dist/default/production/ornek3-normalkip.production.sym \
  --cmf=dist/default/production/ornek3-normalkip.production.cmf -z \
  -Q18F46K22 -o/tmp/xcXjjpjEh --defsym=__MPLAB_BUILD=1 \
  -Mdist/default/production/ornek3-normalkip.production.map -E1 \
  -ver=XC8 Compiler --acfsm=1493 -ASTACK=09Dh-0F37h -pstack=STACK \
  -ACODE=00h-0FFFFh -ACONST=00h-0FFFFh -ASMALLCONST=01000h-010FFhx240 \
  -AMEDIUMCONST=01000h-0FFFFh -ACOMRAM=01h-05Fh -AABS1=00h-0F37h \
  -ABIGRAM=01h-0F37h -ARAM=060h-0FFh,0100h-01FFhx14,0F00h-0F37h \
  -ABANK0=060h-0FFh -ABANK1=0100h-01FFh -ABANK2=0200h-02FFh \
  -ABANK3=0300h-03FFh -ABANK4=0400h-04FFh -ABANK5=0500h-05FFh \
  -ABANK6=0600h-06FFh -ABANK7=0700h-07FFh -ABANK8=0800h-08FFh \
  -ABANK9=0900h-09FFh -ABANK10=0A00h-0AFFh -ABANK11=0B00h-0BFFh \
  -ABANK12=0C00h-0CFFh -ABANK13=0D00h-0DFFh -ABANK14=0E00h-0EFFh \
  -ABANK15=0F00h-0F37h -ASFR=0F38h-0F5Fh,0F60h-0FFFh \
  -ACONFIG=0300000h-030000Dh -AIDLOC=0200000h-0200007h \
  -AEEDATA=0F00000h-0F003FFh -peeprom_data=EEDATA \
  -preset_vec=00h,intcode=08h,intcodelo,powerup,init -pramtop=01000h \
  -psmallconst=SMALLCONST -pmediumconst=MEDIUMCONST -pconst=CONST \
  -AFARRAM=00h-00h \
  -prdata=COMRAM,nvrram=COMRAM,nvbit=COMRAM,rbss=COMRAM,rbit=COMRAM \
  -pfarbss=FARRAM,fardata=FARRAM,nvFARRAM=FARRAM \
  -pintsave_regs=BIGRAM,bigbss=BIGRAM,bigdata=BIGRAM -pbss=RAM \
  -pidata=CODE,irdata=CODE,ibigdata=CODE,ifardata=CODE -prparam=COMRAM \
  /tmp/xcXKBDhIF.o dist/default/production/ornek3-normalkip.production.o 

Object code version is 3.11

Machine type is 18F46K22



                Name                               Link     Load   Length Selector   Space Scale
/tmp/xcXKBDhIF.o
                idloc                            200000   200000        8        0       5
                config                           300000   300000        E        0       4
                init                                 B2       B2        4        4       0
                reset_vec                             0        0        4        0       0
dist/default/production/ornek3-normalkip.production.o
                intcode                               8        8       AA        4       0
                idloc                            200000   200000        8        0       5
                config                           300000   300000        E        0       4
                temp                                 51       51        1        1       1
                smallconst                         1000     1000       32      800       0
                text21                             1C04     1C04        2      819       0
                text20                             1BFA     1BFA        6      819       0
                text19                             1B90     1B90       1E      819       0
                text17                             1B3E     1B3E       30      819       0
                text16                             1AB0     1AB0       4E      819       0
                text15                             1A5E     1A5E       52      819       0
                text14                             1BAE     1BAE       1C      819       0
                text13                             1032     1032      27E      819       0
                text12                             14B0     14B0      156      819       0
                text11                             1804     1804       B8      819       0
                text10                             1606     1606      114      819       0
                text9                              171A     171A       EA      819       0
                text8                              12B0     12B0      200      819       0
                text7                              18BC     18BC       AA      819       0
                text6                              1966     1966       A4      819       0
                text5                              1C00     1C00        4      819       0
                text4                              1BF0     1BF0        A      819       0
                text3                              1AFE     1AFE       40      819       0
                text2                              1BCA     1BCA       18      819       0
                text1                              1BE2     1BE2        E      819       0
                text0                              1A0A     1A0A       54      819       0
                cstackCOMRAM                         3B       3B       16        1       1
                cstackBANK0                          90       90        D       60       1
                bssBANK0                             60       60       30       60       1
                bssCOMRAM                             1        1       3A        1       1
                cinit                              1B6E     1B6E       22      819       0

TOTAL           Name                               Link     Load   Length     Space
        CLASS   STACK          

        CLASS   CODE           
                intcode                               8        8       AA         0
                init                                 B2       B2        4         0
                reset_vec                             0        0        4         0
                text21                             1C04     1C04        2         0
                text20                             1BFA     1BFA        6         0
                text19                             1B90     1B90       1E         0
                text17                             1B3E     1B3E       30         0
                text16                             1AB0     1AB0       4E         0
                text15                             1A5E     1A5E       52         0
                text14                             1BAE     1BAE       1C         0
                text13                             1032     1032      27E         0
                text12                             14B0     14B0      156         0
                text11                             1804     1804       B8         0
                text10                             1606     1606      114         0
                text9                              171A     171A       EA         0
                text8                              12B0     12B0      200         0
                text7                              18BC     18BC       AA         0
                text6                              1966     1966       A4         0
                text5                              1C00     1C00        4         0
                text4                              1BF0     1BF0        A         0
                text3                              1AFE     1AFE       40         0
                text2                              1BCA     1BCA       18         0
                text1                              1BE2     1BE2        E         0
                text0                              1A0A     1A0A       54         0
                cinit                              1B6E     1B6E       22         0

        CLASS   CONST          

        CLASS   SMALLCONST     
                smallconst                         1000     1000       32         0

        CLASS   MEDIUMCONST    

        CLASS   COMRAM         
                temp                                 51       51        1         1
                cstackCOMRAM                         3B       3B       16         1
                bssCOMRAM                             1        1       3A         1

        CLASS   ABS1           

        CLASS   BIGRAM         

        CLASS   RAM            

        CLASS   BANK0          
                cstackBANK0                          90       90        D         1
                bssBANK0                             60       60       30         1

        CLASS   BANK1          

        CLASS   BANK2          

        CLASS   BANK3          

        CLASS   BANK4          

        CLASS   BANK5          

        CLASS   BANK6          

        CLASS   BANK7          

        CLASS   BANK8          

        CLASS   BANK9          

        CLASS   BANK10         

        CLASS   BANK11         

        CLASS   BANK12         

        CLASS   BANK13         

        CLASS   BANK14         

        CLASS   BANK15         

        CLASS   SFR            

        CLASS   CONFIG         
                config                           300000   300000        E         4

        CLASS   IDLOC          
                idloc                            200000   200000        8         5

        CLASS   EEDATA         

        CLASS   FARRAM         



SEGMENTS        Name                           Load    Length   Top    Selector   Space  Class

                text13                         001032  000BD4  001C06       819       0  CODE    
                reset_vec                      000000  000004  000004         0       0  CODE    
                intcode                        000008  0000AE  0000B6         4       0  CODE    
                smallconst                     001000  000032  001032       800       0  SMALLCON
                bssBANK0                       000060  00003D  00009D        60       1  BANK0   
                bssCOMRAM                      000001  000051  000052         1       1  COMRAM  


UNUSED ADDRESS RANGES

        Name                Unused          Largest block    Delta
        BANK0            00009D-0000FF               63
        BANK1            000100-0001FF              100
        BANK10           000A00-000AFF              100
        BANK11           000B00-000BFF              100
        BANK12           000C00-000CFF              100
        BANK13           000D00-000DFF              100
        BANK14           000E00-000EFF              100
        BANK15           000F00-000F37               38
        BANK2            000200-0002FF              100
        BANK3            000300-0003FF              100
        BANK4            000400-0004FF              100
        BANK5            000500-0005FF              100
        BANK6            000600-0006FF              100
        BANK7            000700-0007FF              100
        BANK8            000800-0008FF              100
        BANK9            000900-0009FF              100
        BIGRAM           000052-00005F                E
                         00009D-000F37              E9B
        CODE             000004-000007                4
                         0000B6-000FFF              F4A
                         001C06-00FFFF             E3FA
        COMRAM           000052-00005F                E
        CONST            000004-000007                4
                         0000B6-000FFF              F4A
                         001C06-00FFFF             E3FA
        EEDATA           F00000-F003FF              400
        MEDIUMCONST      001C06-00FFFF             E3FA
        RAM              00009D-000F37              100
        SFR              000F38-000FFF               28
        SMALLCONST       001C06-00FFFF              100
        STACK            00009D-000F37              E9B

                                  Symbol Table

?___lwdiv                                 cstackCOMRAM 000049
?_tikSayiminiAl                           cstackCOMRAM 000049
_ADCON0bits                               (abs)        000FC2
_ADCON1                                   (abs)        000FC1
_ADCON2                                   (abs)        000FC0
_ADRESH                                   (abs)        000FC4
_ADRESL                                   (abs)        000FC3
_ANSELB                                   (abs)        000F39
_ANSELC                                   (abs)        000F3A
_ANSELD                                   (abs)        000F3B
_ANSELEbits                               (abs)        000F3C
_INTCON                                   (abs)        000FF2
_INTCONbits                               (abs)        000FF2
_LATB                                     (abs)        000F8A
_LATBbits                                 (abs)        000F8A
_LATC                                     (abs)        000F8B
_LATD                                     (abs)        000F8C
_LATEbits                                 (abs)        000F8D
_OSCCON                                   (abs)        000FD3
_OSCCON2                                  (abs)        000FD2
_OSCTUNE                                  (abs)        000F9B
_PIE1bits                                 (abs)        000F9D
_PIR1bits                                 (abs)        000F9E
_PORTD                                    (abs)        000F83
_PORTEbits                                (abs)        000F84
_RCIF                                     (abs)        007CF5
_RCONbits                                 (abs)        000FD0
_T0CON                                    (abs)        000FD5
_T0CONbits                                (abs)        000FD5
_TMR0                                     (abs)        000FD6
_TMR0IF                                   (abs)        007F92
_TRISAbits                                (abs)        000F92
_TRISB                                    (abs)        000F93
_TRISC                                    (abs)        000F94
_TRISD                                    (abs)        000F95
_TRISEbits                                (abs)        000F96
_TXIE                                     (abs)        007CEC
_TXIF                                     (abs)        007CF4
__HRAM                                    (abs)        000000
__Habs1                                   abs1         000000
__Hbank0                                  bank0        000000
__Hbank1                                  bank1        000000
__Hbank10                                 bank10       000000
__Hbank11                                 bank11       000000
__Hbank12                                 bank12       000000
__Hbank13                                 bank13       000000
__Hbank14                                 bank14       000000
__Hbank15                                 bank15       000000
__Hbank2                                  bank2        000000
__Hbank3                                  bank3        000000
__Hbank4                                  bank4        000000
__Hbank5                                  bank5        000000
__Hbank6                                  bank6        000000
__Hbank7                                  bank7        000000
__Hbank8                                  bank8        000000
__Hbank9                                  bank9        000000
__Hbigbss                                 bigbss       000000
__Hbigdata                                bigdata      000000
__Hbigram                                 bigram       000000
__Hbss                                    bss          000000
__HbssBANK0                               bssBANK0     000000
__HbssCOMRAM                              bssCOMRAM    000000
__Hcinit                                  cinit        000000
__Hclrtext                                clrtext      000000
__Hcomram                                 comram       000000
__Hconfig                                 config       30000E
__Hconst                                  const        000000
__HcstackBANK0                            cstackBANK0  000000
__HcstackCOMRAM                           cstackCOMRAM 000000
__Hdata                                   data         000000
__Heeprom_data                            eeprom_data  000000
__Hfarbss                                 farbss       000000
__Hfardata                                fardata      000000
__Hibigdata                               ibigdata     000000
__Hidata                                  idata        000000
__Hidloc                                  idloc        200008
__Hifardata                               ifardata     000000
__Hinit                                   init         0000B6
__Hintcode                                intcode      0000B2
__Hintcode_body                           intcode_body 000000
__Hintcodelo                              intcodelo    0000B2
__Hintentry                               intentry     000000
__Hintret                                 intret       000000
__Hintsave_regs                           intsave_regs 000000
__Hirdata                                 irdata       000000
__Hmediumconst                            mediumconst  000000
__HnvFARRAM                               nvFARRAM     000000
__Hnvbit                                  nvbit        000000
__Hnvrram                                 nvrram       000000
__Hparam                                  rparam       000000
__Hpowerup                                powerup      0000B2
__Hram                                    ram          000000
__Hramtop                                 ramtop       001000
__Hrbit                                   rbit         000000
__Hrbss                                   rbss         000000
__Hrdata                                  rdata        000000
__Hreset_vec                              reset_vec    000004
__Hrparam                                 rparam       000000
__Hsfr                                    sfr          000000
__Hsmallconst                             smallconst   001032
__Hspace_0                                (abs)        001C06
__Hspace_1                                (abs)        00009D
__Hspace_2                                (abs)        000000
__Hspace_4                                (abs)        60000E
__Hstack                                  stack        000000
__Hstruct                                 struct       000000
__Htemp                                   temp         000052
__Htext                                   text         000000
__Htext0                                  text0        000000
__Htext1                                  text1        000000
__Htext10                                 text10       000000
__Htext11                                 text11       000000
__Htext12                                 text12       000000
__Htext13                                 text13       000000
__Htext14                                 text14       000000
__Htext15                                 text15       000000
__Htext16                                 text16       000000
__Htext17                                 text17       000000
__Htext19                                 text19       000000
__Htext2                                  text2        000000
__Htext20                                 text20       000000
__Htext21                                 text21       000000
__Htext22                                 text22       000000
__Htext3                                  text3        000000
__Htext4                                  text4        000000
__Htext5                                  text5        000000
__Htext6                                  text6        000000
__Htext7                                  text7        000000
__Htext8                                  text8        000000
__Htext9                                  text9        000000
__LRAM                                    (abs)        000001
__Labs1                                   abs1         000000
__Lbank0                                  bank0        000000
__Lbank1                                  bank1        000000
__Lbank10                                 bank10       000000
__Lbank11                                 bank11       000000
__Lbank12                                 bank12       000000
__Lbank13                                 bank13       000000
__Lbank14                                 bank14       000000
__Lbank15                                 bank15       000000
__Lbank2                                  bank2        000000
__Lbank3                                  bank3        000000
__Lbank4                                  bank4        000000
__Lbank5                                  bank5        000000
__Lbank6                                  bank6        000000
__Lbank7                                  bank7        000000
__Lbank8                                  bank8        000000
__Lbank9                                  bank9        000000
__Lbigbss                                 bigbss       000000
__Lbigdata                                bigdata      000000
__Lbigram                                 bigram       000000
__Lbss                                    bss          000000
__LbssBANK0                               bssBANK0     000000
__LbssCOMRAM                              bssCOMRAM    000000
__Lcinit                                  cinit        000000
__Lclrtext                                clrtext      000000
__Lcomram                                 comram       000000
__Lconfig                                 config       000000
__Lconst                                  const        000000
__LcstackBANK0                            cstackBANK0  000000
__LcstackCOMRAM                           cstackCOMRAM 000000
__Ldata                                   data         000000
__Leeprom_data                            eeprom_data  000000
__Lfarbss                                 farbss       000000
__Lfardata                                fardata      000000
__Libigdata                               ibigdata     000000
__Lidata                                  idata        000000
__Lidloc                                  idloc        000000
__Lifardata                               ifardata     000000
__Linit                                   init         0000B2
__Lintcode                                intcode      000008
__Lintcode_body                           intcode_body 000000
__Lintcodelo                              intcodelo    0000B2
__Lintentry                               intentry     000000
__Lintret                                 intret       000000
__Lintsave_regs                           intsave_regs 000000
__Lirdata                                 irdata       000000
__Lmediumconst                            mediumconst  000000
__LnvFARRAM                               nvFARRAM     000000
__Lnvbit                                  nvbit        000000
__Lnvrram                                 nvrram       000000
__Lparam                                  rparam       000000
__Lpowerup                                powerup      0000B2
__Lram                                    ram          000000
__Lramtop                                 ramtop       001000
__Lrbit                                   rbit         000000
__Lrbss                                   rbss         000000
__Lrdata                                  rdata        000000
__Lreset_vec                              reset_vec    000000
__Lrparam                                 rparam       000000
__Lsfr                                    sfr          000000
__Lsmallconst                             smallconst   001000
__Lspace_0                                (abs)        000000
__Lspace_1                                (abs)        000000
__Lspace_2                                (abs)        000000
__Lspace_4                                (abs)        000000
__Lstack                                  stack        000000
__Lstruct                                 struct       000000
__Ltemp                                   temp         000051
__Ltext                                   text         000000
__Ltext0                                  text0        000000
__Ltext1                                  text1        000000
__Ltext10                                 text10       000000
__Ltext11                                 text11       000000
__Ltext12                                 text12       000000
__Ltext13                                 text13       000000
__Ltext14                                 text14       000000
__Ltext15                                 text15       000000
__Ltext16                                 text16       000000
__Ltext17                                 text17       000000
__Ltext19                                 text19       000000
__Ltext2                                  text2        000000
__Ltext20                                 text20       000000
__Ltext21                                 text21       000000
__Ltext22                                 text22       000000
__Ltext3                                  text3        000000
__Ltext4                                  text4        000000
__Ltext5                                  text5        000000
__Ltext6                                  text6        000000
__Ltext7                                  text7        000000
__Ltext8                                  text8        000000
__Ltext9                                  text9        000000
__S0                                      (abs)        001C06
__S1                                      (abs)        00009D
__S2                                      (abs)        000000
__S4                                      (abs)        000000
__S5                                      (abs)        000000
___inthi_sp                               stack        000000
___intlo_sp                               stack        000000
___lwdiv                                  text15       001A5E
___lwdiv@counter                          cstackCOMRAM 00004D
___lwdiv@dividend                         cstackCOMRAM 000049
___lwdiv@divisor                          cstackCOMRAM 00004B
___lwdiv@quotient                         cstackCOMRAM 00004E
___param_bank                             (abs)        000000
___rparam_used                            (abs)        000001
___sp                                     stack        000000
__accesstop                               (abs)        000060
__activetblptr                            (abs)        000003
__end_of___lwdiv                          text15       001AB0
__end_of__initialization                  cinit        001B86
__end_of_gorevOlustur                     text16       001AFE
__end_of_gorevciyiBaslat                  text6        001A0A
__end_of_gostergeDegeriGuncelle           text9        001804
__end_of_gostergeGuncelle                 text8        0014B0
__end_of_interruptIlkle                   text5        001C04
__end_of_interruptYonetici                intcode      0000B2
__end_of_karaSimsek                       text11       0018BC
__end_of_karaSimsekHiziOkuma              text10       00171A
__end_of_ledCakarlama1                    text12       001606
__end_of_ledCakarlama2                    text13       0012B0
__end_of_listedenSil                      text7        001966
__end_of_listeyeEkle                      text17       001B6E
__end_of_main                             text0        001A5E
__end_of_portGorevciyiBaslat              text2        001BE2
__end_of_sisOsilatorIlkle                 text1        001BF0
__end_of_sisTikKesmeIsleyici              text20       001C00
__end_of_sisTimerIlkle                    text3        001B3E
__end_of_sisTimerIsleyiciVarsayilan       text21       001C06
__end_of_sisTimerKesmeIsleyici            text19       001BAE
__end_of_tikSayiminiAl                    text14       001BCA
__end_of_timer0KesmeIsleyiciKur           text4        001BFA
__end_ofgostergeGuncelle@BCDdenOrtakAnoda smallconst   001012
__end_ofledCakarlama1@sonSira             smallconst   001013
__end_ofledCakarlama1@sureler             smallconst   001031
__initialization                          cinit        001B6E
__mediumconst                             mediumconst  000000
__pbssBANK0                               bssBANK0     000060
__pbssCOMRAM                              bssCOMRAM    000001
__pcinit                                  cinit        001B6E
__pcstackBANK0                            cstackBANK0  000090
__pcstackCOMRAM                           cstackCOMRAM 00003B
__pintcode                                intcode      000008
__psmallconst                             smallconst   001000
__ptext0                                  text0        001A0A
__ptext1                                  text1        001BE2
__ptext10                                 text10       001606
__ptext11                                 text11       001804
__ptext12                                 text12       0014B0
__ptext13                                 text13       001032
__ptext14                                 text14       001BAE
__ptext15                                 text15       001A5E
__ptext16                                 text16       001AB0
__ptext17                                 text17       001B3E
__ptext19                                 text19       001B90
__ptext2                                  text2        001BCA
__ptext20                                 text20       001BFA
__ptext21                                 text21       001C04
__ptext22                                 text22       000000
__ptext3                                  text3        001AFE
__ptext4                                  text4        001BF0
__ptext5                                  text5        001C00
__ptext6                                  text6        001966
__ptext7                                  text7        0018BC
__ptext8                                  text8        0012B0
__ptext9                                  text9        00171A
__ramtop                                  ramtop       001000
__size_of___lwdiv                         (abs)        000000
__size_of_gorevOlustur                    (abs)        000000
__size_of_gorevciyiBaslat                 (abs)        000000
__size_of_gostergeDegeriGuncelle          (abs)        000000
__size_of_gostergeGuncelle                (abs)        000000
__size_of_interruptIlkle                  (abs)        000000
__size_of_interruptYonetici               (abs)        000000
__size_of_karaSimsek                      (abs)        000000
__size_of_karaSimsekHiziOkuma             (abs)        000000
__size_of_ledCakarlama1                   (abs)        000000
__size_of_ledCakarlama2                   (abs)        000000
__size_of_listedenSil                     (abs)        000000
__size_of_listeyeEkle                     (abs)        000000
__size_of_main                            (abs)        000000
__size_of_portGorevciyiBaslat             (abs)        000000
__size_of_sisOsilatorIlkle                (abs)        000000
__size_of_sisTikKesmeIsleyici             (abs)        000000
__size_of_sisTimerIlkle                   (abs)        000000
__size_of_sisTimerIsleyiciVarsayilan      (abs)        000000
__size_of_sisTimerKesmeIsleyici           (abs)        000000
__size_of_tikSayiminiAl                   (abs)        000000
__size_of_timer0KesmeIsleyiciKur          (abs)        000000
__smallconst                              smallconst   001000
_calisanListesi                           bssBANK0     000080
_calisanSayimi                            bssCOMRAM    00003A
_cikanListesi                             bssCOMRAM    000033
_cikanSayimi                              bssCOMRAM    000039
_gercekDeger                              bssCOMRAM    00001D
_gorevHeap                                bssBANK0     000060
_gorevOlustur                             text16       001AB0
_gorevSayimi                              bssCOMRAM    00002F
_gorevciyiBaslat                          text6        001966
_gosterge                                 bssCOMRAM    000015
_gostergeDegeriGuncelle                   text9        00171A
_gostergeDegeriHesaplandi                 bssCOMRAM    00002C
_gostergeGuncelle                         text8        0012B0
_intconYedek@portmacro$F427               bssCOMRAM    000030
_interruptIlkle                           text5        001C00
_interruptYonetici                        intcode      000008
_karaSimsek                               text11       001804
_karaSimsekHizi                           bssCOMRAM    00001B
_karaSimsekHiziOkuma                      text10       001606
_karasimsekHiziOkundu                     bssCOMRAM    00002D
_ledCakarlama1                            text12       0014B0
_ledCakarlama2                            text13       001032
_listedenSil                              text7        0018BC
_listeyeEkle                              text17       001B3E
_main                                     text0        001A0A
_portGorevciyiBaslat                      text2        001BCA
_sisOsilatorIlkle                         text1        001BE2
_sisTikKesmeIsleyici                      text20       001BFA
_sisTimerDisIsleyici                      bssCOMRAM    000021
_sisTimerIlkle                            text3        001AFE
_sisTimerIsleyiciVarsayilan               text21       001C04
_sisTimerKesmeIsleyici                    text19       001B90
_tikSayimi                                bssCOMRAM    00001F
_tikSayiminiAl                            text14       001BAE
_timer0KesmeIsleyici                      bssCOMRAM    000027
_timer0KesmeIsleyiciKur                   text4        001BF0
_uartRxKesmeIsleyici                      bssCOMRAM    000023
_uartTxKesmeIsleyici                      bssCOMRAM    000025
btemp                                     temp         000051
end_of_initialization                     cinit        001B86
gorevOlustur@gkb                          cstackBANK0  000090
gorevOlustur@is                           cstackCOMRAM 00004F
gorevciyiBaslat@donus                     cstackBANK0  00009B
gorevciyiBaslat@glo                       cstackBANK0  000099
gorevciyiBaslat@s                         cstackBANK0  00009C
gostergeDegeriGuncelle@olcekliDeger       cstackBANK0  000095
gostergeDegeriGuncelle@tutucu             cstackBANK0  000090
gostergeGuncelle@BCDdenOrtakAnoda         smallconst   001001
gostergeGuncelle@s5                       bssCOMRAM    000001
gostergeGuncelle@tutucu                   cstackBANK0  000090
int$flags                                 temp         000051
intlevel0                                 text         000000
intlevel1                                 text         000000
intlevel2                                 text         000000
intlevel3                                 text         000000
karaSimsek@s3                             bssCOMRAM    000009
karaSimsek@sola                           bssCOMRAM    000029
karaSimsek@tutucu                         cstackBANK0  000090
karaSimsekHiziOkuma@oncekiSonuc           bssCOMRAM    000019
karaSimsekHiziOkuma@s4                    bssCOMRAM    000005
karaSimsekHiziOkuma@sonuc                 cstackBANK0  000095
karaSimsekHiziOkuma@tutucu                cstackBANK0  000090
ledCakarlama1@artir                       bssCOMRAM    00002A
ledCakarlama1@s1                          bssCOMRAM    000011
ledCakarlama1@secici                      bssCOMRAM    00002B
ledCakarlama1@sureler                     smallconst   001013
ledCakarlama1@tutucu                      cstackBANK0  000090
ledCakarlama2@s2                          bssCOMRAM    00000D
ledCakarlama2@tutucu                      cstackBANK0  000090
listedenSil@cSayim                        cstackCOMRAM 00004C
listedenSil@k                             cstackCOMRAM 00004D
listedenSil@konum                         cstackCOMRAM 00004B
listedenSil@liste                         cstackCOMRAM 000049
listedenSil@sayim                         cstackCOMRAM 00004A
listeyeEkle@cSayim                        cstackCOMRAM 00004E
listeyeEkle@glo                           cstackCOMRAM 00004C
listeyeEkle@liste                         cstackCOMRAM 000049
listeyeEkle@max                           cstackCOMRAM 00004B
listeyeEkle@sayim                         cstackCOMRAM 00004A
sisTimerIlkle@isleyici                    cstackCOMRAM 00004B
stackhi                                   (abs)        000F37
stacklo                                   (abs)        00009D
start                                     init         0000B2
start_initialization                      cinit        001B6E
tikSayiminiAl@sayim                       cstackCOMRAM 00004B
timer0KesmeIsleyiciKur@isleyici           cstackCOMRAM 000049
ttemp5                                    temp         000052
ttemp6                                    temp         000055
ttemp7                                    temp         000059
wtemp8                                    temp         000052


FUNCTION INFORMATION:

 *************** function _main *****************
 Defined at:
		line 352 in file "ornek3.c"
 Parameters:    Size  Location     Type
		None
 Auto vars:     Size  Location     Type
		None
 Return value:  Size  Location     Type
                  1    wreg      void 
 Registers used:
		wreg, fsr1l, fsr1h, fsr2l, fsr2h, status,2, status,0, pclath, tosl, tblptrl, tblptrh, tblptru, prodl, prodh, cstack
 Tracked objects:
		On entry : 
		On exit  : 
		Unchanged: 
 Data sizes:     COMRAM   BANK0   BANK1   BANK2   BANK3   BANK4   BANK5   BANK6   BANK7   BANK8   BANK9  BANK10  BANK11  BANK12  BANK13  BANK14  BANK15
      Params:         0       0       0       0       0       0       0       0       0       0       0       0       0       0       0       0       0
      Locals:         0       0       0       0       0       0       0       0       0       0       0       0       0       0       0       0       0
      Temps:          0       0       0       0       0       0       0       0       0       0       0       0       0       0       0       0       0
      Totals:         0       0       0       0       0       0       0       0       0       0       0       0       0       0       0       0       0
Total ram usage:        0 bytes
 Hardware stack levels required when called:    7
 This function calls:
		_gorevOlustur
		_portGorevciyiBaslat
		_sisOsilatorIlkle
 This function is called by:
		Startup code after reset
 This function uses a non-reentrant model


 *************** function _sisOsilatorIlkle *****************
 Defined at:
		line 27 in file "osilator.c"
 Parameters:    Size  Location     Type
		None
 Auto vars:     Size  Location     Type
		None
 Return value:  Size  Location     Type
                  1    wreg      void 
 Registers used:
		wreg, status,2
 Tracked objects:
		On entry : 
		On exit  : 
		Unchanged: 
 Data sizes:     COMRAM   BANK0   BANK1   BANK2   BANK3   BANK4   BANK5   BANK6   BANK7   BANK8   BANK9  BANK10  BANK11  BANK12  BANK13  BANK14  BANK15
      Params:         0       0       0       0       0       0       0       0       0       0       0       0       0       0       0       0       0
      Locals:         0       0       0       0       0       0       0       0       0       0       0       0       0       0       0       0       0
      Temps:          0       0       0       0       0       0       0       0       0       0       0       0       0       0       0       0       0
      Totals:         0       0       0       0       0       0       0       0       0       0       0       0       0       0       0       0       0
Total ram usage:        0 bytes
 Hardware stack levels used:    1
 Hardware stack levels required when called:    3
 This function calls:
		Nothing
 This function is called by:
		_main
 This function uses a non-reentrant model


 *************** function _portGorevciyiBaslat *****************
 Defined at:
		line 47 in file "../../../../../kaynak/portlar/mplabx/xc8/pic18/port.c"
 Parameters:    Size  Location     Type
		None
 Auto vars:     Size  Location     Type
		None
 Return value:  Size  Location     Type
                  1    wreg      void 
 Registers used:
		wreg, fsr1l, fsr1h, fsr2l, fsr2h, status,2, status,0, pclath, tosl, tblptrl, tblptrh, tblptru, prodl, prodh, cstack
 Tracked objects:
		On entry : 
		On exit  : 
		Unchanged: 
 Data sizes:     COMRAM   BANK0   BANK1   BANK2   BANK3   BANK4   BANK5   BANK6   BANK7   BANK8   BANK9  BANK10  BANK11  BANK12  BANK13  BANK14  BANK15
      Params:         0       0       0       0       0       0       0       0       0       0       0       0       0       0       0       0       0
      Locals:         0       0       0       0       0       0       0       0       0       0       0       0       0       0       0       0       0
      Temps:          0       0       0       0       0       0       0       0       0       0       0       0       0       0       0       0       0
      Totals:         0       0       0       0       0       0       0       0       0       0       0       0       0       0       0       0       0
Total ram usage:        0 bytes
 Hardware stack levels used:    1
 Hardware stack levels required when called:    6
 This function calls:
		_gorevciyiBaslat
		_interruptIlkle
		_sisTimerIlkle
 This function is called by:
		_main
 This function uses a non-reentrant model


 *************** function _sisTimerIlkle *****************
 Defined at:
		line 134 in file "sistimer.c"
 Parameters:    Size  Location     Type
  isleyici        2   16[COMRAM] PTR FTN()void 
		 -> sisTikKesmeIsleyici(1), 
 Auto vars:     Size  Location     Type
		None
 Return value:  Size  Location     Type
                  1    wreg      void 
 Registers used:
		wreg, status,2, status,0, cstack
 Tracked objects:
		On entry : 
		On exit  : 
		Unchanged: 
 Data sizes:     COMRAM   BANK0   BANK1   BANK2   BANK3   BANK4   BANK5   BANK6   BANK7   BANK8   BANK9  BANK10  BANK11  BANK12  BANK13  BANK14  BANK15
      Params:         2       0       0       0       0       0       0       0       0       0       0       0       0       0       0       0       0
      Locals:         0       0       0       0       0       0       0       0       0       0       0       0       0       0       0       0       0
      Temps:          0       0       0       0       0       0       0       0       0       0       0       0       0       0       0       0       0
      Totals:         2       0       0       0       0       0       0       0       0       0       0       0       0       0       0       0       0
Total ram usage:        2 bytes
 Hardware stack levels used:    1
 Hardware stack levels required when called:    4
 This function calls:
		_timer0KesmeIsleyiciKur
 This function is called by:
		_portGorevciyiBaslat
 This function uses a non-reentrant model


 *************** function _timer0KesmeIsleyiciKur *****************
 Defined at:
		line 38 in file "interrupt.c"
 Parameters:    Size  Location     Type
  isleyici        2   14[COMRAM] PTR FTN()void 
		 -> sisTimerKesmeIsleyici(1), 
 Auto vars:     Size  Location     Type
		None
 Return value:  Size  Location     Type
                  1    wreg      void 
 Registers used:
		wreg, status,2, status,0
 Tracked objects:
		On entry : 
		On exit  : 
		Unchanged: 
 Data sizes:     COMRAM   BANK0   BANK1   BANK2   BANK3   BANK4   BANK5   BANK6   BANK7   BANK8   BANK9  BANK10  BANK11  BANK12  BANK13  BANK14  BANK15
      Params:         2       0       0       0       0       0       0       0       0       0       0       0       0       0       0       0       0
      Locals:         0       0       0       0       0       0       0       0       0       0       0       0       0       0       0       0       0
      Temps:          0       0       0       0       0       0       0       0       0       0       0       0       0       0       0       0       0
      Totals:         2       0       0       0       0       0       0       0       0       0       0       0       0       0       0       0       0
Total ram usage:        2 bytes
 Hardware stack levels used:    1
 Hardware stack levels required when called:    3
 This function calls:
		Nothing
 This function is called by:
		_sisTimerIlkle
 This function uses a non-reentrant model


 *************** function _interruptIlkle *****************
 Defined at:
		line 31 in file "interrupt.c"
 Parameters:    Size  Location     Type
		None
 Auto vars:     Size  Location     Type
		None
 Return value:  Size  Location     Type
                  1    wreg      void 
 Registers used:
		None
 Tracked objects:
		On entry : 
		On exit  : 
		Unchanged: 
 Data sizes:     COMRAM   BANK0   BANK1   BANK2   BANK3   BANK4   BANK5   BANK6   BANK7   BANK8   BANK9  BANK10  BANK11  BANK12  BANK13  BANK14  BANK15
      Params:         0       0       0       0       0       0       0       0       0       0       0       0       0       0       0       0       0
      Locals:         0       0       0       0       0       0       0       0       0       0       0       0       0       0       0       0       0
      Temps:          0       0       0       0       0       0       0       0       0       0       0       0       0       0       0       0       0
      Totals:         0       0       0       0       0       0       0       0       0       0       0       0       0       0       0       0       0
Total ram usage:        0 bytes
 Hardware stack levels used:    1
 Hardware stack levels required when called:    3
 This function calls:
		Nothing
 This function is called by:
		_portGorevciyiBaslat
 This function uses a non-reentrant model


 *************** function _gorevciyiBaslat *****************
 Defined at:
		line 120 in file "../../../../../kaynak/gorev.c"
 Parameters:    Size  Location     Type
		None
 Auto vars:     Size  Location     Type
  glo             2    9[BANK0 ] PTR struct .
		 -> gorevHeap(32), NULL(0), 
  donus           1   11[BANK0 ] unsigned char 
  s               1   12[BANK0 ] unsigned char 
 Return value:  Size  Location     Type
                  1    wreg      void 
 Registers used:
		wreg, fsr1l, fsr1h, fsr2l, fsr2h, status,2, status,0, pclath, tosl, tblptrl, tblptrh, tblptru, prodl, prodh, cstack
 Tracked objects:
		On entry : 
		On exit  : 
		Unchanged: 
 Data sizes:     COMRAM   BANK0   BANK1   BANK2   BANK3   BANK4   BANK5   BANK6   BANK7   BANK8   BANK9  BANK10  BANK11  BANK12  BANK13  BANK14  BANK15
      Params:         0       0       0       0       0       0       0       0       0       0       0       0       0       0       0       0       0
      Locals:         0       4       0       0       0       0       0       0       0       0       0       0       0       0       0       0       0
      Temps:          0       2       0       0       0       0       0       0       0       0       0       0       0       0       0       0       0
      Totals:         0       6       0       0       0       0       0       0       0       0       0       0       0       0       0       0       0
Total ram usage:        6 bytes
 Hardware stack levels used:    1
 Hardware stack levels required when called:    5
 This function calls:
		_gostergeDegeriGuncelle
		_gostergeGuncelle
		_karaSimsek
		_karaSimsekHiziOkuma
		_ledCakarlama1
		_ledCakarlama2
		_listedenSil
		_listeyeEkle
 This function is called by:
		_portGorevciyiBaslat
 This function uses a non-reentrant model


 *************** function _listedenSil *****************
 Defined at:
		line 80 in file "../../../../../kaynak/gorev.c"
 Parameters:    Size  Location     Type
  liste           1   14[COMRAM] PTR PTR struct .
		 -> calisanListesi(16), 
  sayim           1   15[COMRAM] PTR unsigned char 
		 -> calisanSayimi(1), 
  konum           1   16[COMRAM] const unsigned char 
 Auto vars:     Size  Location     Type
  sonrakiOge      3    0        PTR struct .
  k               1   18[COMRAM] unsigned char 
  cSayim          1   17[COMRAM] const unsigned char 
 Return value:  Size  Location     Type
                  1    wreg      void 
 Registers used:
		wreg, fsr1l, fsr1h, fsr2l, fsr2h, status,2, status,0, prodl, prodh
 Tracked objects:
		On entry : 
		On exit  : 
		Unchanged: 
 Data sizes:     COMRAM   BANK0   BANK1   BANK2   BANK3   BANK4   BANK5   BANK6   BANK7   BANK8   BANK9  BANK10  BANK11  BANK12  BANK13  BANK14  BANK15
      Params:         3       0       0       0       0       0       0       0       0       0       0       0       0       0       0       0       0
      Locals:         2       0       0       0       0       0       0       0       0       0       0       0       0       0       0       0       0
      Temps:          0       6       0       0       0       0       0       0       0       0       0       0       0       0       0       0       0
      Totals:         5       6       0       0       0       0       0       0       0       0       0       0       0       0       0       0       0
Total ram usage:       11 bytes
 Hardware stack levels used:    1
 Hardware stack levels required when called:    3
 This function calls:
		Nothing
 This function is called by:
		_gorevciyiBaslat
 This function uses a non-reentrant model


 *************** function _gostergeGuncelle *****************
 Defined at:
		line 285 in file "ornek3.c"
 Parameters:    Size  Location     Type
  tutucu          2    0[BANK0 ] PTR void 
		 -> gorevHeap(32), NULL(0), 
 Auto vars:     Size  Location     Type
  VAZGECIS_BAY    1    0        unsigned char 
 Return value:  Size  Location     Type
                  1    wreg      unsigned char 
 Registers used:
		wreg, fsr2l, fsr2h, status,2, status,0, tblptrl, tblptrh, tblptru, cstack
 Tracked objects:
		On entry : 
		On exit  : 
		Unchanged: 
 Data sizes:     COMRAM   BANK0   BANK1   BANK2   BANK3   BANK4   BANK5   BANK6   BANK7   BANK8   BANK9  BANK10  BANK11  BANK12  BANK13  BANK14  BANK15
      Params:         0       2       0       0       0       0       0       0       0       0       0       0       0       0       0       0       0
      Locals:         1       0       0       0       0       0       0       0       0       0       0       0       0       0       0       0       0
      Temps:          0       2       0       0       0       0       0       0       0       0       0       0       0       0       0       0       0
      Totals:         1       4       0       0       0       0       0       0       0       0       0       0       0       0       0       0       0
Total ram usage:        5 bytes
 Hardware stack levels used:    1
 Hardware stack levels required when called:    4
 This function calls:
		_tikSayiminiAl
 This function is called by:
		_main
		_gorevciyiBaslat
 This function uses a non-reentrant model


 *************** function _gostergeDegeriGuncelle *****************
 Defined at:
		line 240 in file "ornek3.c"
 Parameters:    Size  Location     Type
  tutucu          2    0[BANK0 ] PTR void 
		 -> gorevHeap(32), NULL(0), 
 Auto vars:     Size  Location     Type
  olcekliDeger    2    5[BANK0 ] unsigned short 
  VAZGECIS_BAY    1    0        unsigned char 
 Return value:  Size  Location     Type
                  1    wreg      unsigned char 
 Registers used:
		wreg, fsr2l, fsr2h, status,2, status,0, cstack
 Tracked objects:
		On entry : 
		On exit  : 
		Unchanged: 
 Data sizes:     COMRAM   BANK0   BANK1   BANK2   BANK3   BANK4   BANK5   BANK6   BANK7   BANK8   BANK9  BANK10  BANK11  BANK12  BANK13  BANK14  BANK15
      Params:         0       2       0       0       0       0       0       0       0       0       0       0       0       0       0       0       0
      Locals:         0       3       0       0       0       0       0       0       0       0       0       0       0       0       0       0       0
      Temps:          0       2       0       0       0       0       0       0       0       0       0       0       0       0       0       0       0
      Totals:         0       7       0       0       0       0       0       0       0       0       0       0       0       0       0       0       0
Total ram usage:        7 bytes
 Hardware stack levels used:    1
 Hardware stack levels required when called:    4
 This function calls:
		___lwdiv
 This function is called by:
		_main
		_gorevciyiBaslat
 This function uses a non-reentrant model


 *************** function _karaSimsekHiziOkuma *****************
 Defined at:
		line 190 in file "ornek3.c"
 Parameters:    Size  Location     Type
  tutucu          2    0[BANK0 ] PTR void 
		 -> gorevHeap(32), NULL(0), 
 Auto vars:     Size  Location     Type
  sonuc           2    5[BANK0 ] unsigned short 
  VAZGECIS_BAY    1    0        unsigned char 
 Return value:  Size  Location     Type
                  1    wreg      unsigned char 
 Registers used:
		wreg, fsr2l, fsr2h, status,2, status,0, cstack
 Tracked objects:
		On entry : 
		On exit  : 
		Unchanged: 
 Data sizes:     COMRAM   BANK0   BANK1   BANK2   BANK3   BANK4   BANK5   BANK6   BANK7   BANK8   BANK9  BANK10  BANK11  BANK12  BANK13  BANK14  BANK15
      Params:         0       2       0       0       0       0       0       0       0       0       0       0       0       0       0       0       0
      Locals:         0       3       0       0       0       0       0       0       0       0       0       0       0       0       0       0       0
      Temps:          0       2       0       0       0       0       0       0       0       0       0       0       0       0       0       0       0
      Totals:         0       7       0       0       0       0       0       0       0       0       0       0       0       0       0       0       0
Total ram usage:        7 bytes
 Hardware stack levels used:    1
 Hardware stack levels required when called:    4
 This function calls:
		___lwdiv
		_tikSayiminiAl
 This function is called by:
		_main
		_gorevciyiBaslat
 This function uses a non-reentrant model


 *************** function _karaSimsek *****************
 Defined at:
		line 151 in file "ornek3.c"
 Parameters:    Size  Location     Type
  tutucu          2    0[BANK0 ] PTR void 
		 -> gorevHeap(32), NULL(0), 
 Auto vars:     Size  Location     Type
  VAZGECIS_BAY    1    0        unsigned char 
 Return value:  Size  Location     Type
                  1    wreg      unsigned char 
 Registers used:
		wreg, fsr2l, fsr2h, status,2, status,0, cstack
 Tracked objects:
		On entry : 
		On exit  : 
		Unchanged: 
 Data sizes:     COMRAM   BANK0   BANK1   BANK2   BANK3   BANK4   BANK5   BANK6   BANK7   BANK8   BANK9  BANK10  BANK11  BANK12  BANK13  BANK14  BANK15
      Params:         0       2       0       0       0       0       0       0       0       0       0       0       0       0       0       0       0
      Locals:         1       0       0       0       0       0       0       0       0       0       0       0       0       0       0       0       0
      Temps:          0       2       0       0       0       0       0       0       0       0       0       0       0       0       0       0       0
      Totals:         1       4       0       0       0       0       0       0       0       0       0       0       0       0       0       0       0
Total ram usage:        5 bytes
 Hardware stack levels used:    1
 Hardware stack levels required when called:    4
 This function calls:
		_tikSayiminiAl
 This function is called by:
		_main
		_gorevciyiBaslat
 This function uses a non-reentrant model


 *************** function _ledCakarlama1 *****************
 Defined at:
		line 45 in file "ornek3.c"
 Parameters:    Size  Location     Type
  tutucu          2    0[BANK0 ] PTR void 
		 -> gorevHeap(32), NULL(0), 
 Auto vars:     Size  Location     Type
  VAZGECIS_BAY    1    0        unsigned char 
 Return value:  Size  Location     Type
                  1    wreg      unsigned char 
 Registers used:
		wreg, fsr2l, fsr2h, status,2, status,0, tblptrl, tblptrh, tblptru, prodl, prodh, cstack
 Tracked objects:
		On entry : 
		On exit  : 
		Unchanged: 
 Data sizes:     COMRAM   BANK0   BANK1   BANK2   BANK3   BANK4   BANK5   BANK6   BANK7   BANK8   BANK9  BANK10  BANK11  BANK12  BANK13  BANK14  BANK15
      Params:         0       2       0       0       0       0       0       0       0       0       0       0       0       0       0       0       0
      Locals:         1       0       0       0       0       0       0       0       0       0       0       0       0       0       0       0       0
      Temps:          0       2       0       0       0       0       0       0       0       0       0       0       0       0       0       0       0
      Totals:         1       4       0       0       0       0       0       0       0       0       0       0       0       0       0       0       0
Total ram usage:        5 bytes
 Hardware stack levels used:    1
 Hardware stack levels required when called:    4
 This function calls:
		_tikSayiminiAl
 This function is called by:
		_main
		_gorevciyiBaslat
 This function uses a non-reentrant model


 *************** function _ledCakarlama2 *****************
 Defined at:
		line 106 in file "ornek3.c"
 Parameters:    Size  Location     Type
  tutucu          2    0[BANK0 ] PTR void 
		 -> gorevHeap(32), NULL(0), 
 Auto vars:     Size  Location     Type
  VAZGECIS_BAY    1    0        unsigned char 
 Return value:  Size  Location     Type
                  1    wreg      unsigned char 
 Registers used:
		wreg, fsr2l, fsr2h, status,2, status,0, cstack
 Tracked objects:
		On entry : 
		On exit  : 
		Unchanged: 
 Data sizes:     COMRAM   BANK0   BANK1   BANK2   BANK3   BANK4   BANK5   BANK6   BANK7   BANK8   BANK9  BANK10  BANK11  BANK12  BANK13  BANK14  BANK15
      Params:         0       2       0       0       0       0       0       0       0       0       0       0       0       0       0       0       0
      Locals:         1       0       0       0       0       0       0       0       0       0       0       0       0       0       0       0       0
      Temps:          0       2       0       0       0       0       0       0       0       0       0       0       0       0       0       0       0
      Totals:         1       4       0       0       0       0       0       0       0       0       0       0       0       0       0       0       0
Total ram usage:        5 bytes
 Hardware stack levels used:    1
 Hardware stack levels required when called:    4
 This function calls:
		_tikSayiminiAl
 This function is called by:
		_main
		_gorevciyiBaslat
 This function uses a non-reentrant model


 *************** function _tikSayiminiAl *****************
 Defined at:
		line 148 in file "../../../../../kaynak/gorev.c"
 Parameters:    Size  Location     Type
		None
 Auto vars:     Size  Location     Type
  sayim           2   16[COMRAM] unsigned int 
 Return value:  Size  Location     Type
                  2   14[COMRAM] unsigned int 
 Registers used:
		None
 Tracked objects:
		On entry : 
		On exit  : 
		Unchanged: 
 Data sizes:     COMRAM   BANK0   BANK1   BANK2   BANK3   BANK4   BANK5   BANK6   BANK7   BANK8   BANK9  BANK10  BANK11  BANK12  BANK13  BANK14  BANK15
      Params:         2       0       0       0       0       0       0       0       0       0       0       0       0       0       0       0       0
      Locals:         2       0       0       0       0       0       0       0       0       0       0       0       0       0       0       0       0
      Temps:          0       0       0       0       0       0       0       0       0       0       0       0       0       0       0       0       0
      Totals:         4       0       0       0       0       0       0       0       0       0       0       0       0       0       0       0       0
Total ram usage:        4 bytes
 Hardware stack levels used:    1
 Hardware stack levels required when called:    3
 This function calls:
		Nothing
 This function is called by:
		_ledCakarlama1
		_ledCakarlama2
		_karaSimsek
		_karaSimsekHiziOkuma
		_gostergeGuncelle
 This function uses a non-reentrant model


 *************** function ___lwdiv *****************
 Defined at:
		line 7 in file "/opt/microchip/xc8/v2.31/pic/sources/c99/common/lwdiv.c"
 Parameters:    Size  Location     Type
  dividend        2   14[COMRAM] unsigned int 
  divisor         2   16[COMRAM] unsigned int 
 Auto vars:     Size  Location     Type
  quotient        2   19[COMRAM] unsigned int 
  counter         1   18[COMRAM] unsigned char 
 Return value:  Size  Location     Type
                  2   14[COMRAM] unsigned int 
 Registers used:
		wreg, status,2, status,0
 Tracked objects:
		On entry : 
		On exit  : 
		Unchanged: 
 Data sizes:     COMRAM   BANK0   BANK1   BANK2   BANK3   BANK4   BANK5   BANK6   BANK7   BANK8   BANK9  BANK10  BANK11  BANK12  BANK13  BANK14  BANK15
      Params:         4       0       0       0       0       0       0       0       0       0       0       0       0       0       0       0       0
      Locals:         3       0       0       0       0       0       0       0       0       0       0       0       0       0       0       0       0
      Temps:          0       0       0       0       0       0       0       0       0       0       0       0       0       0       0       0       0
      Totals:         7       0       0       0       0       0       0       0       0       0       0       0       0       0       0       0       0
Total ram usage:        7 bytes
 Hardware stack levels used:    1
 Hardware stack levels required when called:    3
 This function calls:
		Nothing
 This function is called by:
		_karaSimsekHiziOkuma
		_gostergeDegeriGuncelle
 This function uses a non-reentrant model


 *************** function _gorevOlustur *****************
 Defined at:
		line 109 in file "../../../../../kaynak/gorev.c"
 Parameters:    Size  Location     Type
  is              2   20[COMRAM] PTR FTN(PTR void ,)unsig
		 -> gostergeGuncelle(1), gostergeDegeriGuncelle(1), karaSimsekHiziOkuma(1), karaSimsek(1), 
		 -> ledCakarlama2(1), ledCakarlama1(1), 
 Auto vars:     Size  Location     Type
  gkb             1    0[BANK0 ] PTR struct .
		 -> gorevHeap(32), 
 Return value:  Size  Location     Type
                  2   20[COMRAM] PTR struct .
 Registers used:
		wreg, fsr2l, fsr2h, status,2, status,0, prodl, prodh, cstack
 Tracked objects:
		On entry : 
		On exit  : 
		Unchanged: 
 Data sizes:     COMRAM   BANK0   BANK1   BANK2   BANK3   BANK4   BANK5   BANK6   BANK7   BANK8   BANK9  BANK10  BANK11  BANK12  BANK13  BANK14  BANK15
      Params:         2       0       0       0       0       0       0       0       0       0       0       0       0       0       0       0       0
      Locals:         0       1       0       0       0       0       0       0       0       0       0       0       0       0       0       0       0
      Temps:          0       0       0       0       0       0       0       0       0       0       0       0       0       0       0       0       0
      Totals:         2       1       0       0       0       0       0       0       0       0       0       0       0       0       0       0       0
Total ram usage:        3 bytes
 Hardware stack levels used:    1
 Hardware stack levels required when called:    4
 This function calls:
		_listeyeEkle
 This function is called by:
		_main
 This function uses a non-reentrant model


 *************** function _listeyeEkle *****************
 Defined at:
		line 68 in file "../../../../../kaynak/gorev.c"
 Parameters:    Size  Location     Type
  liste           1   14[COMRAM] PTR PTR struct .
		 -> cikanListesi(6), calisanListesi(16), 
  sayim           1   15[COMRAM] PTR unsigned char 
		 -> cikanSayimi(1), calisanSayimi(1), 
  max             1   16[COMRAM] unsigned char 
  glo             2   17[COMRAM] PTR struct .
		 -> gorevHeap(32), NULL(0), 
 Auto vars:     Size  Location     Type
  cSayim          1   19[COMRAM] const unsigned char 
 Return value:  Size  Location     Type
                  1    wreg      void 
 Registers used:
		wreg, fsr2l, fsr2h, status,2, status,0, prodl, prodh
 Tracked objects:
		On entry : 
		On exit  : 
		Unchanged: 
 Data sizes:     COMRAM   BANK0   BANK1   BANK2   BANK3   BANK4   BANK5   BANK6   BANK7   BANK8   BANK9  BANK10  BANK11  BANK12  BANK13  BANK14  BANK15
      Params:         5       0       0       0       0       0       0       0       0       0       0       0       0       0       0       0       0
      Locals:         1       0       0       0       0       0       0       0       0       0       0       0       0       0       0       0       0
      Temps:          0       0       0       0       0       0       0       0       0       0       0       0       0       0       0       0       0
      Totals:         6       0       0       0       0       0       0       0       0       0       0       0       0       0       0       0       0
Total ram usage:        6 bytes
 Hardware stack levels used:    1
 Hardware stack levels required when called:    3
 This function calls:
		Nothing
 This function is called by:
		_gorevOlustur
		_gorevciyiBaslat
 This function uses a non-reentrant model


 *************** function _interruptYonetici *****************
 Defined at:
		line 50 in file "interrupt.c"
 Parameters:    Size  Location     Type
		None
 Auto vars:     Size  Location     Type
		None
 Return value:  Size  Location     Type
                  1    wreg      void 
 Registers used:
		wreg, fsr0l, fsr0h, fsr1l, fsr1h, fsr1l, fsr1h, fsr2l, fsr2h, status,2, status,0, pclath, btemp, btemp+1, btemp+2, btemp+3, btemp+4, btemp+5, btemp+6, btemp+7, btemp+8, btemp+9, btemp+10, btemp+11, btemp+12, btemp+13, btemp+14, btemp+15, btemp+16, btemp+17, btemp+18, btemp+19, btemp+20, btemp+21, btemp+22, btemp+23, btemp+24, btemp+25, btemp+26, btemp+27, btemp+28, btemp+29, btemp+30, btemp+31, tosl, structret, tblptrl, tblptrh, tblptru, prodl, prodh, bsr, cstack
 Tracked objects:
		On entry : 
		On exit  : 
		Unchanged: 
 Data sizes:     COMRAM   BANK0   BANK1   BANK2   BANK3   BANK4   BANK5   BANK6   BANK7   BANK8   BANK9  BANK10  BANK11  BANK12  BANK13  BANK14  BANK15
      Params:         0       0       0       0       0       0       0       0       0       0       0       0       0       0       0       0       0
      Locals:         0       0       0       0       0       0       0       0       0       0       0       0       0       0       0       0       0
      Temps:         14       0       0       0       0       0       0       0       0       0       0       0       0       0       0       0       0
      Totals:        14       0       0       0       0       0       0       0       0       0       0       0       0       0       0       0       0
Total ram usage:       14 bytes
 Hardware stack levels used:    1
 Hardware stack levels required when called:    2
 This function calls:
		Absolute function
		_sisTimerKesmeIsleyici
 This function is called by:
		Interrupt level 2
 This function uses a non-reentrant model


 *************** function _sisTimerKesmeIsleyici *****************
 Defined at:
		line 125 in file "sistimer.c"
 Parameters:    Size  Location     Type
		None
 Auto vars:     Size  Location     Type
		None
 Return value:  Size  Location     Type
                  1    wreg      void 
 Registers used:
		wreg, fsr0l, fsr0h, fsr1l, fsr1h, fsr1l, fsr1h, fsr2l, fsr2h, status,2, status,0, pclath, btemp, btemp+1, btemp+2, btemp+3, btemp+4, btemp+5, btemp+6, btemp+7, btemp+8, btemp+9, btemp+10, btemp+11, btemp+12, btemp+13, btemp+14, btemp+15, btemp+16, btemp+17, btemp+18, btemp+19, btemp+20, btemp+21, btemp+22, btemp+23, btemp+24, btemp+25, btemp+26, btemp+27, btemp+28, btemp+29, btemp+30, btemp+31, tosl, structret, tblptrl, tblptrh, tblptru, prodl, prodh, bsr, cstack
 Tracked objects:
		On entry : 
		On exit  : 
		Unchanged: 
 Data sizes:     COMRAM   BANK0   BANK1   BANK2   BANK3   BANK4   BANK5   BANK6   BANK7   BANK8   BANK9  BANK10  BANK11  BANK12  BANK13  BANK14  BANK15
      Params:         0       0       0       0       0       0       0       0       0       0       0       0       0       0       0       0       0
      Locals:         0       0       0       0       0       0       0       0       0       0       0       0       0       0       0       0       0
      Temps:          0       0       0       0       0       0       0       0       0       0       0       0       0       0       0       0       0
      Totals:         0       0       0       0       0       0       0       0       0       0       0       0       0       0       0       0       0
Total ram usage:        0 bytes
 Hardware stack levels used:    1
 Hardware stack levels required when called:    1
 This function calls:
		Absolute function
		_sisTikKesmeIsleyici
		_sisTimerIsleyiciVarsayilan
 This function is called by:
		_sisTimerIlkle
		_interruptYonetici
 This function uses a non-reentrant model


 *************** function _sisTikKesmeIsleyici *****************
 Defined at:
		line 161 in file "../../../../../kaynak/gorev.c"
 Parameters:    Size  Location     Type
		None
 Auto vars:     Size  Location     Type
		None
 Return value:  Size  Location     Type
                  1    wreg      void 
 Registers used:
		status,2, status,0
 Tracked objects:
		On entry : 
		On exit  : 
		Unchanged: 
 Data sizes:     COMRAM   BANK0   BANK1   BANK2   BANK3   BANK4   BANK5   BANK6   BANK7   BANK8   BANK9  BANK10  BANK11  BANK12  BANK13  BANK14  BANK15
      Params:         0       0       0       0       0       0       0       0       0       0       0       0       0       0       0       0       0
      Locals:         0       0       0       0       0       0       0       0       0       0       0       0       0       0       0       0       0
      Temps:          0       0       0       0       0       0       0       0       0       0       0       0       0       0       0       0       0
      Totals:         0       0       0       0       0       0       0       0       0       0       0       0       0       0       0       0       0
Total ram usage:        0 bytes
 Hardware stack levels used:    1
 This function calls:
		Nothing
 This function is called by:
		_portGorevciyiBaslat
		_sisTimerKesmeIsleyici
 This function uses a non-reentrant model


 *************** function _sisTimerIsleyiciVarsayilan *****************
 Defined at:
		line 121 in file "sistimer.c"
 Parameters:    Size  Location     Type
		None
 Auto vars:     Size  Location     Type
		None
 Return value:  Size  Location     Type
                  1    wreg      void 
 Registers used:
		None
 Tracked objects:
		On entry : 
		On exit  : 
		Unchanged: 
 Data sizes:     COMRAM   BANK0   BANK1   BANK2   BANK3   BANK4   BANK5   BANK6   BANK7   BANK8   BANK9  BANK10  BANK11  BANK12  BANK13  BANK14  BANK15
      Params:         0       0       0       0       0       0       0       0       0       0       0       0       0       0       0       0       0
      Locals:         0       0       0       0       0       0       0       0       0       0       0       0       0       0       0       0       0
      Temps:          0       0       0       0       0       0       0       0       0       0       0       0       0       0       0       0       0
      Totals:         0       0       0       0       0       0       0       0       0       0       0       0       0       0       0       0       0
Total ram usage:        0 bytes
 Hardware stack levels used:    1
 This function calls:
		Nothing
 This function is called by:
		_sisTimerIlkle
		_sisTimerKesmeIsleyici
 This function uses a non-reentrant model



MODULE INFORMATION

Module		Function		Class		Link	Load	Size
sistimer.c
		_sisTimerIsleyiciVarsayilan		CODE           	1C04	0000	2
		_sisTimerKesmeIsleyici		CODE           	1B90	0000	30
		_sisTimerIlkle 		CODE           	1AFE	0000	64

sistimer.c estimated size: 96

osilator.c
		_sisOsilatorIlkle		CODE           	1BE2	0000	14

osilator.c estimated size: 14

../../../../../kaynak/gorev.c
		_sisTikKesmeIsleyici		CODE           	1BFA	0000	6
		_gorevciyiBaslat		CODE           	1966	0000	164
		_listedenSil   		CODE           	18BC	0000	170
		_listeyeEkle   		CODE           	1B3E	0000	48
		_tikSayiminiAl 		CODE           	1BAE	0000	28
		_gorevOlustur  		CODE           	1AB0	0000	78

../../../../../kaynak/gorev.c estimated size: 494

interrupt.c
		_timer0KesmeIsleyiciKur		CODE           	1BF0	0000	10
		_interruptYonetici		CODE           	0008	0000	170
		_interruptIlkle		CODE           	1C00	0000	4

interrupt.c estimated size: 184

shared
		gostergeGuncelle@BCDdenOrtakAnoda		SMALLCONST     	1001	0000	17
		ledCakarlama1@sonSira		SMALLCONST     	0000	0000	0
		__initialization		CODE           	1B6E	0000	24
		ledCakarlama1@sureler		SMALLCONST     	1013	0000	30

shared estimated size: 71

../../../../../kaynak/portlar/mplabx/xc8/pic18/port.c
		_portGorevciyiBaslat		CODE           	1BCA	0000	24

../../../../../kaynak/portlar/mplabx/xc8/pic18/port.c estimated size: 24

ornek3.c
		_gostergeGuncelle		CODE           	12B0	0000	512
		_gostergeDegeriGuncelle		CODE           	171A	0000	234
		_main          		CODE           	1A0A	0000	84
		_karaSimsekHiziOkuma		CODE           	1606	0000	276
		_ledCakarlama1 		CODE           	14B0	0000	342
		_ledCakarlama2 		CODE           	1032	0000	638
		_karaSimsek    		CODE           	1804	0000	184

ornek3.c estimated size: 2270

/opt/microchip/xc8/v2.31/pic/sources/c99/common/lwdiv.c
		___lwdiv       		CODE           	1A5E	0000	82

/opt/microchip/xc8/v2.31/pic/sources/c99/common/lwdiv.c estimated size: 82

