Microchip MPLAB XC8 Compiler V2.31

Linker command line:

-W-3 --edf=/opt/microchip/xc8/v2.31/pic/dat/en_msgs.txt -cn \
  -h+dist/default/production/ornek2.production.sym \
  --cmf=dist/default/production/ornek2.production.cmf -z -Q18F46K22 \
  -o/tmp/xcXgODekl --defsym=__MPLAB_BUILD=1 \
  -Mdist/default/production/ornek2.production.map -E1 -ver=XC8 Compiler \
  --acfsm=1493 -ASTACK=082h-0F37h -pstack=STACK -ACODE=00h-0FFFFh \
  -ACONST=00h-0FFFFh -ASMALLCONST=01000h-010FFhx240 \
  -AMEDIUMCONST=01000h-0FFFFh -ACOMRAM=01h-05Fh -AABS1=00h-0F37h \
  -ABIGRAM=01h-0F37h -ARAM=060h-0FFh,0100h-01FFhx14,0F00h-0F37h \
  -ABANK0=060h-0FFh -ABANK1=0100h-01FFh -ABANK2=0200h-02FFh \
  -ABANK3=0300h-03FFh -ABANK4=0400h-04FFh -ABANK5=0500h-05FFh \
  -ABANK6=0600h-06FFh -ABANK7=0700h-07FFh -ABANK8=0800h-08FFh \
  -ABANK9=0900h-09FFh -ABANK10=0A00h-0AFFh -ABANK11=0B00h-0BFFh \
  -ABANK12=0C00h-0CFFh -ABANK13=0D00h-0DFFh -ABANK14=0E00h-0EFFh \
  -ABANK15=0F00h-0F37h -ASFR=0F38h-0F5Fh,0F60h-0FFFh \
  -ACONFIG=0300000h-030000Dh -AIDLOC=0200000h-0200007h \
  -AEEDATA=0F00000h-0F003FFh -peeprom_data=EEDATA \
  -preset_vec=00h,intcode=08h,intcodelo,powerup,init -pramtop=01000h \
  -psmallconst=SMALLCONST -pmediumconst=MEDIUMCONST -pconst=CONST \
  -AFARRAM=00h-00h \
  -prdata=COMRAM,nvrram=COMRAM,nvbit=COMRAM,rbss=COMRAM,rbit=COMRAM \
  -pfarbss=FARRAM,fardata=FARRAM,nvFARRAM=FARRAM \
  -pintsave_regs=BIGRAM,bigbss=BIGRAM,bigdata=BIGRAM -pbss=RAM \
  -pidata=CODE,irdata=CODE,ibigdata=CODE,ifardata=CODE -prparam=COMRAM \
  /tmp/xcXPCodBg.o dist/default/production/ornek2.production.o 

Object code version is 3.11

Machine type is 18F46K22



                Name                               Link     Load   Length Selector   Space Scale
/tmp/xcXPCodBg.o
                idloc                            200000   200000        8        0       5
                config                           300000   300000        E        0       4
                init                                 B2       B2        4        4       0
                reset_vec                             0        0        4        0       0
dist/default/production/ornek2.production.o
                intcode                               8        8       AA        4       0
                idloc                            200000   200000        8        0       5
                config                           300000   300000        E        0       4
                temp                                 50       50        1        1       1
                smallconst                         1000     1000       22      800       0
                text20                             19B6     19B6        2      811       0
                text19                             19AC     19AC        6      811       0
                text18                             1942     1942       1E      811       0
                text16                             18D8     18D8       36      811       0
                text15                             1846     1846       52      811       0
                text14                             1960     1960       1C      811       0
                text13                             1022     1022      24A      811       0
                text12                             126C     126C      13A      811       0
                text11                             163A     163A       C2      811       0
                text10                             13A6     13A6       F4      811       0
                text9                              16FC     16FC       88      811       0
                text8                              149A     149A       D6      811       0
                text7                              1570     1570       CA      811       0
                text6                              1784     1784       62      811       0
                text5                              19B2     19B2        4      811       0
                text4                              19A2     19A2        A      811       0
                text3                              1898     1898       40      811       0
                text2                              197C     197C       18      811       0
                text1                              1994     1994        E      811       0
                text0                              17E6     17E6       60      811       0
                cstackCOMRAM                         31       31       1E        1       1
                cstackBANK0                          80       80        2       60       1
                bssBANK0                             60       60       20       60       1
                dataCOMRAM                           4F       4F        1        1       1
                bssCOMRAM                             1        1       30        1       1
                cinit                              190E     190E       34      811       0
                idataCOMRAM                        19B8     19B8        1      811       0

TOTAL           Name                               Link     Load   Length     Space
        CLASS   STACK          

        CLASS   CODE           
                intcode                               8        8       AA         0
                init                                 B2       B2        4         0
                reset_vec                             0        0        4         0
                text20                             19B6     19B6        2         0
                text19                             19AC     19AC        6         0
                text18                             1942     1942       1E         0
                text16                             18D8     18D8       36         0
                text15                             1846     1846       52         0
                text14                             1960     1960       1C         0
                text13                             1022     1022      24A         0
                text12                             126C     126C      13A         0
                text11                             163A     163A       C2         0
                text10                             13A6     13A6       F4         0
                text9                              16FC     16FC       88         0
                text8                              149A     149A       D6         0
                text7                              1570     1570       CA         0
                text6                              1784     1784       62         0
                text5                              19B2     19B2        4         0
                text4                              19A2     19A2        A         0
                text3                              1898     1898       40         0
                text2                              197C     197C       18         0
                text1                              1994     1994        E         0
                text0                              17E6     17E6       60         0
                cinit                              190E     190E       34         0
                idataCOMRAM                        19B8     19B8        1         0

        CLASS   CONST          

        CLASS   SMALLCONST     
                smallconst                         1000     1000       22         0

        CLASS   MEDIUMCONST    

        CLASS   COMRAM         
                temp                                 50       50        1         1
                cstackCOMRAM                         31       31       1E         1
                dataCOMRAM                           4F       4F        1         1
                bssCOMRAM                             1        1       30         1

        CLASS   ABS1           

        CLASS   BIGRAM         

        CLASS   RAM            

        CLASS   BANK0          
                cstackBANK0                          80       80        2         1
                bssBANK0                             60       60       20         1

        CLASS   BANK1          

        CLASS   BANK2          

        CLASS   BANK3          

        CLASS   BANK4          

        CLASS   BANK5          

        CLASS   BANK6          

        CLASS   BANK7          

        CLASS   BANK8          

        CLASS   BANK9          

        CLASS   BANK10         

        CLASS   BANK11         

        CLASS   BANK12         

        CLASS   BANK13         

        CLASS   BANK14         

        CLASS   BANK15         

        CLASS   SFR            

        CLASS   CONFIG         
                config                           300000   300000        E         4

        CLASS   IDLOC          
                idloc                            200000   200000        8         5

        CLASS   EEDATA         

        CLASS   FARRAM         



SEGMENTS        Name                           Load    Length   Top    Selector   Space  Class

                text13                         001022  000997  0019B9       811       0  CODE    
                reset_vec                      000000  000004  000004         0       0  CODE    
                intcode                        000008  0000AE  0000B6         4       0  CODE    
                smallconst                     001000  000022  001022       800       0  SMALLCON
                bssBANK0                       000060  000022  000082        60       1  BANK0   
                bssCOMRAM                      000001  000050  000051         1       1  COMRAM  


UNUSED ADDRESS RANGES

        Name                Unused          Largest block    Delta
        BANK0            000082-0000FF               7E
        BANK1            000100-0001FF              100
        BANK10           000A00-000AFF              100
        BANK11           000B00-000BFF              100
        BANK12           000C00-000CFF              100
        BANK13           000D00-000DFF              100
        BANK14           000E00-000EFF              100
        BANK15           000F00-000F37               38
        BANK2            000200-0002FF              100
        BANK3            000300-0003FF              100
        BANK4            000400-0004FF              100
        BANK5            000500-0005FF              100
        BANK6            000600-0006FF              100
        BANK7            000700-0007FF              100
        BANK8            000800-0008FF              100
        BANK9            000900-0009FF              100
        BIGRAM           000051-00005F                F
                         000082-000F37              EB6
        CODE             000004-000007                4
                         0000B6-000FFF              F4A
                         0019B9-00FFFF             E647
        COMRAM           000051-00005F                F
        CONST            000004-000007                4
                         0000B6-000FFF              F4A
                         0019B9-00FFFF             E647
        EEDATA           F00000-F003FF              400
        MEDIUMCONST      0019B9-00FFFF             E647
        RAM              000082-000F37              100
        SFR              000F38-000FFF               28
        SMALLCONST       0019B9-00FFFF              100
        STACK            000082-000F37              EB6

                                  Symbol Table

?___lwdiv                            cstackCOMRAM 00003F
?_tikSayiminiAl                      cstackCOMRAM 00003F
_ADCON0bits                          (abs)        000FC2
_ADCON1                              (abs)        000FC1
_ADCON2                              (abs)        000FC0
_ADRESH                              (abs)        000FC4
_ADRESL                              (abs)        000FC3
_ANSELBbits                          (abs)        000F39
_ANSELD                              (abs)        000F3B
_INTCON                              (abs)        000FF2
_INTCONbits                          (abs)        000FF2
_LATBbits                            (abs)        000F8A
_LATD                                (abs)        000F8C
_OSCCON                              (abs)        000FD3
_OSCCON2                             (abs)        000FD2
_OSCTUNE                             (abs)        000F9B
_PIE1bits                            (abs)        000F9D
_PIR1bits                            (abs)        000F9E
_PORTBbits                           (abs)        000F81
_RCIF                                (abs)        007CF5
_RCONbits                            (abs)        000FD0
_T0CON                               (abs)        000FD5
_T0CONbits                           (abs)        000FD5
_TMR0                                (abs)        000FD6
_TMR0IF                              (abs)        007F92
_TRISAbits                           (abs)        000F92
_TRISBbits                           (abs)        000F93
_TRISD                               (abs)        000F95
_TXIE                                (abs)        007CEC
_TXIF                                (abs)        007CF4
__HRAM                               (abs)        000000
__Habs1                              abs1         000000
__Hbank0                             bank0        000000
__Hbank1                             bank1        000000
__Hbank10                            bank10       000000
__Hbank11                            bank11       000000
__Hbank12                            bank12       000000
__Hbank13                            bank13       000000
__Hbank14                            bank14       000000
__Hbank15                            bank15       000000
__Hbank2                             bank2        000000
__Hbank3                             bank3        000000
__Hbank4                             bank4        000000
__Hbank5                             bank5        000000
__Hbank6                             bank6        000000
__Hbank7                             bank7        000000
__Hbank8                             bank8        000000
__Hbank9                             bank9        000000
__Hbigbss                            bigbss       000000
__Hbigdata                           bigdata      000000
__Hbigram                            bigram       000000
__Hbss                               bss          000000
__HbssBANK0                          bssBANK0     000000
__HbssCOMRAM                         bssCOMRAM    000000
__Hcinit                             cinit        000000
__Hclrtext                           clrtext      000000
__Hcomram                            comram       000000
__Hconfig                            config       30000E
__Hconst                             const        000000
__HcstackBANK0                       cstackBANK0  000000
__HcstackCOMRAM                      cstackCOMRAM 000000
__Hdata                              data         000000
__HdataCOMRAM                        dataCOMRAM   000000
__Heeprom_data                       eeprom_data  000000
__Hfarbss                            farbss       000000
__Hfardata                           fardata      000000
__Hibigdata                          ibigdata     000000
__Hidata                             idata        000000
__HidataCOMRAM                       idataCOMRAM  000000
__Hidloc                             idloc        200008
__Hifardata                          ifardata     000000
__Hinit                              init         0000B6
__Hintcode                           intcode      0000B2
__Hintcode_body                      intcode_body 000000
__Hintcodelo                         intcodelo    0000B2
__Hintentry                          intentry     000000
__Hintret                            intret       000000
__Hintsave_regs                      intsave_regs 000000
__Hirdata                            irdata       000000
__Hmediumconst                       mediumconst  000000
__HnvFARRAM                          nvFARRAM     000000
__Hnvbit                             nvbit        000000
__Hnvrram                            nvrram       000000
__Hparam                             rparam       000000
__Hpowerup                           powerup      0000B2
__Hram                               ram          000000
__Hramtop                            ramtop       001000
__Hrbit                              rbit         000000
__Hrbss                              rbss         000000
__Hrdata                             rdata        000000
__Hreset_vec                         reset_vec    000004
__Hrparam                            rparam       000000
__Hsfr                               sfr          000000
__Hsmallconst                        smallconst   001022
__Hspace_0                           (abs)        0019B9
__Hspace_1                           (abs)        000082
__Hspace_2                           (abs)        000000
__Hspace_4                           (abs)        60000E
__Hstack                             stack        000000
__Hstruct                            struct       000000
__Htemp                              temp         000051
__Htext                              text         000000
__Htext0                             text0        000000
__Htext1                             text1        000000
__Htext10                            text10       000000
__Htext11                            text11       000000
__Htext12                            text12       000000
__Htext13                            text13       000000
__Htext14                            text14       000000
__Htext15                            text15       000000
__Htext16                            text16       000000
__Htext18                            text18       000000
__Htext19                            text19       000000
__Htext2                             text2        000000
__Htext20                            text20       000000
__Htext21                            text21       000000
__Htext3                             text3        000000
__Htext4                             text4        000000
__Htext5                             text5        000000
__Htext6                             text6        000000
__Htext7                             text7        000000
__Htext8                             text8        000000
__Htext9                             text9        000000
__LRAM                               (abs)        000001
__Labs1                              abs1         000000
__Lbank0                             bank0        000000
__Lbank1                             bank1        000000
__Lbank10                            bank10       000000
__Lbank11                            bank11       000000
__Lbank12                            bank12       000000
__Lbank13                            bank13       000000
__Lbank14                            bank14       000000
__Lbank15                            bank15       000000
__Lbank2                             bank2        000000
__Lbank3                             bank3        000000
__Lbank4                             bank4        000000
__Lbank5                             bank5        000000
__Lbank6                             bank6        000000
__Lbank7                             bank7        000000
__Lbank8                             bank8        000000
__Lbank9                             bank9        000000
__Lbigbss                            bigbss       000000
__Lbigdata                           bigdata      000000
__Lbigram                            bigram       000000
__Lbss                               bss          000000
__LbssBANK0                          bssBANK0     000000
__LbssCOMRAM                         bssCOMRAM    000000
__Lcinit                             cinit        000000
__Lclrtext                           clrtext      000000
__Lcomram                            comram       000000
__Lconfig                            config       000000
__Lconst                             const        000000
__LcstackBANK0                       cstackBANK0  000000
__LcstackCOMRAM                      cstackCOMRAM 000000
__Ldata                              data         000000
__LdataCOMRAM                        dataCOMRAM   000000
__Leeprom_data                       eeprom_data  000000
__Lfarbss                            farbss       000000
__Lfardata                           fardata      000000
__Libigdata                          ibigdata     000000
__Lidata                             idata        000000
__LidataCOMRAM                       idataCOMRAM  000000
__Lidloc                             idloc        000000
__Lifardata                          ifardata     000000
__Linit                              init         0000B2
__Lintcode                           intcode      000008
__Lintcode_body                      intcode_body 000000
__Lintcodelo                         intcodelo    0000B2
__Lintentry                          intentry     000000
__Lintret                            intret       000000
__Lintsave_regs                      intsave_regs 000000
__Lirdata                            irdata       000000
__Lmediumconst                       mediumconst  000000
__LnvFARRAM                          nvFARRAM     000000
__Lnvbit                             nvbit        000000
__Lnvrram                            nvrram       000000
__Lparam                             rparam       000000
__Lpowerup                           powerup      0000B2
__Lram                               ram          000000
__Lramtop                            ramtop       001000
__Lrbit                              rbit         000000
__Lrbss                              rbss         000000
__Lrdata                             rdata        000000
__Lreset_vec                         reset_vec    000000
__Lrparam                            rparam       000000
__Lsfr                               sfr          000000
__Lsmallconst                        smallconst   001000
__Lspace_0                           (abs)        000000
__Lspace_1                           (abs)        000000
__Lspace_2                           (abs)        000000
__Lspace_4                           (abs)        000000
__Lstack                             stack        000000
__Lstruct                            struct       000000
__Ltemp                              temp         000050
__Ltext                              text         000000
__Ltext0                             text0        000000
__Ltext1                             text1        000000
__Ltext10                            text10       000000
__Ltext11                            text11       000000
__Ltext12                            text12       000000
__Ltext13                            text13       000000
__Ltext14                            text14       000000
__Ltext15                            text15       000000
__Ltext16                            text16       000000
__Ltext18                            text18       000000
__Ltext19                            text19       000000
__Ltext2                             text2        000000
__Ltext20                            text20       000000
__Ltext21                            text21       000000
__Ltext3                             text3        000000
__Ltext4                             text4        000000
__Ltext5                             text5        000000
__Ltext6                             text6        000000
__Ltext7                             text7        000000
__Ltext8                             text8        000000
__Ltext9                             text9        000000
__S0                                 (abs)        0019B9
__S1                                 (abs)        000082
__S2                                 (abs)        000000
__S4                                 (abs)        000000
__S5                                 (abs)        000000
___inthi_sp                          stack        000000
___intlo_sp                          stack        000000
___lwdiv                             text15       001846
___lwdiv@counter                     cstackCOMRAM 000043
___lwdiv@dividend                    cstackCOMRAM 00003F
___lwdiv@divisor                     cstackCOMRAM 000041
___lwdiv@quotient                    cstackCOMRAM 000044
___param_bank                        (abs)        000000
___rparam_used                       (abs)        000001
___sp                                stack        000000
__accesstop                          (abs)        000060
__activetblptr                       (abs)        000003
__end_of___lwdiv                     text15       001898
__end_of__initialization             cinit        001938
__end_of_gorevOlustur                text16       00190E
__end_of_gorevciyiBaslat             text6        0017E6
__end_of_gostergeDegeriHesapla       text9        001784
__end_of_icerikDegistirici           text7        00163A
__end_of_icerikGuncelleyici          text8        001570
__end_of_interruptIlkle              text5        0019B6
__end_of_interruptYonetici           intcode      0000B2
__end_of_karaSimsek                  text11       0016FC
__end_of_karaSimsekHiziOkuma         text10       00149A
__end_of_ledCakarlama1               text12       0013A6
__end_of_ledCakarlama2               text13       00126C
__end_of_main                        text0        001846
__end_of_portGorevciyiBaslat         text2        001994
__end_of_sisOsilatorIlkle            text1        0019A2
__end_of_sisTikKesmeIsleyici         text19       0019B2
__end_of_sisTimerIlkle               text3        0018D8
__end_of_sisTimerIsleyiciVarsayilan  text20       0019B8
__end_of_sisTimerKesmeIsleyici       text18       001960
__end_of_tikSayiminiAl               text14       00197C
__end_of_timer0KesmeIsleyiciKur      text4        0019AC
__end_ofledCakarlama1@sonSira        smallconst   001002
__end_ofledCakarlama1@sureler        smallconst   001020
__initialization                     cinit        00190E
__mediumconst                        mediumconst  000000
__pbssBANK0                          bssBANK0     000060
__pbssCOMRAM                         bssCOMRAM    000001
__pcinit                             cinit        00190E
__pcstackBANK0                       cstackBANK0  000080
__pcstackCOMRAM                      cstackCOMRAM 000031
__pdataCOMRAM                        dataCOMRAM   00004F
__pidataCOMRAM                       idataCOMRAM  0019B8
__pintcode                           intcode      000008
__psmallconst                        smallconst   001000
__ptext0                             text0        0017E6
__ptext1                             text1        001994
__ptext10                            text10       0013A6
__ptext11                            text11       00163A
__ptext12                            text12       00126C
__ptext13                            text13       001022
__ptext14                            text14       001960
__ptext15                            text15       001846
__ptext16                            text16       0018D8
__ptext18                            text18       001942
__ptext19                            text19       0019AC
__ptext2                             text2        00197C
__ptext20                            text20       0019B6
__ptext21                            text21       000000
__ptext3                             text3        001898
__ptext4                             text4        0019A2
__ptext5                             text5        0019B2
__ptext6                             text6        001784
__ptext7                             text7        001570
__ptext8                             text8        00149A
__ptext9                             text9        0016FC
__ramtop                             ramtop       001000
__size_of___lwdiv                    (abs)        000000
__size_of_gorevOlustur               (abs)        000000
__size_of_gorevciyiBaslat            (abs)        000000
__size_of_gostergeDegeriHesapla      (abs)        000000
__size_of_icerikDegistirici          (abs)        000000
__size_of_icerikGuncelleyici         (abs)        000000
__size_of_interruptIlkle             (abs)        000000
__size_of_interruptYonetici          (abs)        000000
__size_of_karaSimsek                 (abs)        000000
__size_of_karaSimsekHiziOkuma        (abs)        000000
__size_of_ledCakarlama1              (abs)        000000
__size_of_ledCakarlama2              (abs)        000000
__size_of_main                       (abs)        000000
__size_of_portGorevciyiBaslat        (abs)        000000
__size_of_sisOsilatorIlkle           (abs)        000000
__size_of_sisTikKesmeIsleyici        (abs)        000000
__size_of_sisTimerIlkle              (abs)        000000
__size_of_sisTimerIsleyiciVarsayilan (abs)        000000
__size_of_sisTimerKesmeIsleyici      (abs)        000000
__size_of_tikSayiminiAl              (abs)        000000
__size_of_timer0KesmeIsleyiciKur     (abs)        000000
__smallconst                         smallconst   001000
_gercekDeger                         bssCOMRAM    000019
_gorevOlustur                        text16       0018D8
_gorevSayimi                         bssCOMRAM    000024
_gorevciyiBaslat                     text6        001784
_gorevler                            bssBANK0     000060
_gostergeDegeriHesapla               text9        0016FC
_icerik                              dataCOMRAM   00004F
_icerikDegisti                       bssCOMRAM    00002E
_icerikDegistirici                   text7        001570
_icerikDegistirici$864               cstackCOMRAM 00004A
_icerikGuncelleyici                  text8        00149A
_intconYedek@portmacro$F911          bssCOMRAM    000025
_interruptIlkle                      text5        0019B2
_interruptYonetici                   intcode      000008
_karaSimsek                          text11       00163A
_karaSimsekHizi                      bssCOMRAM    000017
_karaSimsekHiziOkuma                 text10       0013A6
_karasimsek                          bssCOMRAM    00002D
_karasimsekGostergeDegeri            bssCOMRAM    00002B
_karasimsekHiziOkundu                bssCOMRAM    00002A
_ledCakarlama1                       text12       00126C
_ledCakarlama2                       text13       001022
_main                                text0        0017E6
_portGorevciyiBaslat                 text2        00197C
_sisOsilatorIlkle                    text1        001994
_sisTikKesmeIsleyici                 text19       0019AC
_sisTimerDisIsleyici                 bssCOMRAM    00001B
_sisTimerIlkle                       text3        001898
_sisTimerIsleyiciVarsayilan          text20       0019B6
_sisTimerKesmeIsleyici               text18       001942
_tikSayimi                           bssCOMRAM    000015
_tikSayiminiAl                       text14       001960
_timer0KesmeIsleyici                 bssCOMRAM    000021
_timer0KesmeIsleyiciKur              text4        0019A2
_uartRxKesmeIsleyici                 bssCOMRAM    00001D
_uartTxKesmeIsleyici                 bssCOMRAM    00001F
btemp                                temp         000050
end_of_initialization                cinit        001938
gorevOlustur@gkb                     cstackCOMRAM 000041
gorevOlustur@is                      cstackCOMRAM 00003F
gorevciyiBaslat@s                    cstackBANK0  000080
gostergeDegeriHesapla@tutucu         cstackCOMRAM 000046
icerikDegistirici@s5                 bssCOMRAM    000001
icerikDegistirici@tutucu             cstackCOMRAM 000046
icerikGuncelleyici@tutucu            cstackCOMRAM 000046
int$flags                            temp         000050
intlevel0                            text         000000
intlevel1                            text         000000
intlevel2                            text         000000
intlevel3                            text         000000
karaSimsek@s3                        bssCOMRAM    000009
karaSimsek@sola                      bssCOMRAM    000026
karaSimsek@tutucu                    cstackCOMRAM 000046
karaSimsekHiziOkuma@s4               bssCOMRAM    000005
karaSimsekHiziOkuma@sonuc            cstackCOMRAM 00004A
karaSimsekHiziOkuma@tutucu           cstackCOMRAM 000046
ledCakarlama1@artir                  bssCOMRAM    000027
ledCakarlama1@s1                     bssCOMRAM    000011
ledCakarlama1@secici                 bssCOMRAM    000028
ledCakarlama1@sureler                smallconst   001002
ledCakarlama1@tutucu                 cstackCOMRAM 000046
ledCakarlama2@s2                     bssCOMRAM    00000D
ledCakarlama2@tutucu                 cstackCOMRAM 000046
sisTimerIlkle@isleyici               cstackCOMRAM 000041
stackhi                              (abs)        000F37
stacklo                              (abs)        000082
start                                init         0000B2
start_initialization                 cinit        00190E
tikSayiminiAl@sayim                  cstackCOMRAM 000041
timer0KesmeIsleyiciKur@isleyici      cstackCOMRAM 00003F
ttemp5                               temp         000051
ttemp6                               temp         000054
ttemp7                               temp         000058
wtemp8                               temp         000051


FUNCTION INFORMATION:

 *************** function _main *****************
 Defined at:
		line 357 in file "ornek2.c"
 Parameters:    Size  Location     Type
		None
 Auto vars:     Size  Location     Type
		None
 Return value:  Size  Location     Type
                  1    wreg      void 
 Registers used:
		wreg, fsr2l, fsr2h, status,2, status,0, pclath, tosl, tblptrl, tblptrh, tblptru, prodl, prodh, cstack
 Tracked objects:
		On entry : 
		On exit  : 
		Unchanged: 
 Data sizes:     COMRAM   BANK0   BANK1   BANK2   BANK3   BANK4   BANK5   BANK6   BANK7   BANK8   BANK9  BANK10  BANK11  BANK12  BANK13  BANK14  BANK15
      Params:         0       0       0       0       0       0       0       0       0       0       0       0       0       0       0       0       0
      Locals:         0       0       0       0       0       0       0       0       0       0       0       0       0       0       0       0       0
      Temps:          0       0       0       0       0       0       0       0       0       0       0       0       0       0       0       0       0
      Totals:         0       0       0       0       0       0       0       0       0       0       0       0       0       0       0       0       0
Total ram usage:        0 bytes
 Hardware stack levels required when called:    7
 This function calls:
		_gorevOlustur
		_portGorevciyiBaslat
		_sisOsilatorIlkle
 This function is called by:
		Startup code after reset
 This function uses a non-reentrant model


 *************** function _sisOsilatorIlkle *****************
 Defined at:
		line 27 in file "osilator.c"
 Parameters:    Size  Location     Type
		None
 Auto vars:     Size  Location     Type
		None
 Return value:  Size  Location     Type
                  1    wreg      void 
 Registers used:
		wreg, status,2
 Tracked objects:
		On entry : 
		On exit  : 
		Unchanged: 
 Data sizes:     COMRAM   BANK0   BANK1   BANK2   BANK3   BANK4   BANK5   BANK6   BANK7   BANK8   BANK9  BANK10  BANK11  BANK12  BANK13  BANK14  BANK15
      Params:         0       0       0       0       0       0       0       0       0       0       0       0       0       0       0       0       0
      Locals:         0       0       0       0       0       0       0       0       0       0       0       0       0       0       0       0       0
      Temps:          0       0       0       0       0       0       0       0       0       0       0       0       0       0       0       0       0
      Totals:         0       0       0       0       0       0       0       0       0       0       0       0       0       0       0       0       0
Total ram usage:        0 bytes
 Hardware stack levels used:    1
 Hardware stack levels required when called:    3
 This function calls:
		Nothing
 This function is called by:
		_main
 This function uses a non-reentrant model


 *************** function _portGorevciyiBaslat *****************
 Defined at:
		line 50 in file "../../../../../kaynak/portlar/mplabx/xc8/pic18/port.c"
 Parameters:    Size  Location     Type
		None
 Auto vars:     Size  Location     Type
		None
 Return value:  Size  Location     Type
                  1    wreg      void 
 Registers used:
		wreg, fsr2l, fsr2h, status,2, status,0, pclath, tosl, tblptrl, tblptrh, tblptru, prodl, prodh, cstack
 Tracked objects:
		On entry : 
		On exit  : 
		Unchanged: 
 Data sizes:     COMRAM   BANK0   BANK1   BANK2   BANK3   BANK4   BANK5   BANK6   BANK7   BANK8   BANK9  BANK10  BANK11  BANK12  BANK13  BANK14  BANK15
      Params:         0       0       0       0       0       0       0       0       0       0       0       0       0       0       0       0       0
      Locals:         0       0       0       0       0       0       0       0       0       0       0       0       0       0       0       0       0
      Temps:          0       0       0       0       0       0       0       0       0       0       0       0       0       0       0       0       0
      Totals:         0       0       0       0       0       0       0       0       0       0       0       0       0       0       0       0       0
Total ram usage:        0 bytes
 Hardware stack levels used:    1
 Hardware stack levels required when called:    6
 This function calls:
		_gorevciyiBaslat
		_interruptIlkle
		_sisTimerIlkle
 This function is called by:
		_main
 This function uses a non-reentrant model


 *************** function _sisTimerIlkle *****************
 Defined at:
		line 133 in file "sistimer.c"
 Parameters:    Size  Location     Type
  isleyici        2   16[COMRAM] PTR FTN()void 
		 -> sisTikKesmeIsleyici(1), 
 Auto vars:     Size  Location     Type
		None
 Return value:  Size  Location     Type
                  1    wreg      void 
 Registers used:
		wreg, status,2, status,0, cstack
 Tracked objects:
		On entry : 
		On exit  : 
		Unchanged: 
 Data sizes:     COMRAM   BANK0   BANK1   BANK2   BANK3   BANK4   BANK5   BANK6   BANK7   BANK8   BANK9  BANK10  BANK11  BANK12  BANK13  BANK14  BANK15
      Params:         2       0       0       0       0       0       0       0       0       0       0       0       0       0       0       0       0
      Locals:         0       0       0       0       0       0       0       0       0       0       0       0       0       0       0       0       0
      Temps:          0       0       0       0       0       0       0       0       0       0       0       0       0       0       0       0       0
      Totals:         2       0       0       0       0       0       0       0       0       0       0       0       0       0       0       0       0
Total ram usage:        2 bytes
 Hardware stack levels used:    1
 Hardware stack levels required when called:    4
 This function calls:
		_timer0KesmeIsleyiciKur
 This function is called by:
		_portGorevciyiBaslat
 This function uses a non-reentrant model


 *************** function _timer0KesmeIsleyiciKur *****************
 Defined at:
		line 38 in file "interrupt.c"
 Parameters:    Size  Location     Type
  isleyici        2   14[COMRAM] PTR FTN()void 
		 -> sisTimerKesmeIsleyici(1), 
 Auto vars:     Size  Location     Type
		None
 Return value:  Size  Location     Type
                  1    wreg      void 
 Registers used:
		wreg, status,2, status,0
 Tracked objects:
		On entry : 
		On exit  : 
		Unchanged: 
 Data sizes:     COMRAM   BANK0   BANK1   BANK2   BANK3   BANK4   BANK5   BANK6   BANK7   BANK8   BANK9  BANK10  BANK11  BANK12  BANK13  BANK14  BANK15
      Params:         2       0       0       0       0       0       0       0       0       0       0       0       0       0       0       0       0
      Locals:         0       0       0       0       0       0       0       0       0       0       0       0       0       0       0       0       0
      Temps:          0       0       0       0       0       0       0       0       0       0       0       0       0       0       0       0       0
      Totals:         2       0       0       0       0       0       0       0       0       0       0       0       0       0       0       0       0
Total ram usage:        2 bytes
 Hardware stack levels used:    1
 Hardware stack levels required when called:    3
 This function calls:
		Nothing
 This function is called by:
		_sisTimerIlkle
 This function uses a non-reentrant model


 *************** function _interruptIlkle *****************
 Defined at:
		line 31 in file "interrupt.c"
 Parameters:    Size  Location     Type
		None
 Auto vars:     Size  Location     Type
		None
 Return value:  Size  Location     Type
                  1    wreg      void 
 Registers used:
		None
 Tracked objects:
		On entry : 
		On exit  : 
		Unchanged: 
 Data sizes:     COMRAM   BANK0   BANK1   BANK2   BANK3   BANK4   BANK5   BANK6   BANK7   BANK8   BANK9  BANK10  BANK11  BANK12  BANK13  BANK14  BANK15
      Params:         0       0       0       0       0       0       0       0       0       0       0       0       0       0       0       0       0
      Locals:         0       0       0       0       0       0       0       0       0       0       0       0       0       0       0       0       0
      Temps:          0       0       0       0       0       0       0       0       0       0       0       0       0       0       0       0       0
      Totals:         0       0       0       0       0       0       0       0       0       0       0       0       0       0       0       0       0
Total ram usage:        0 bytes
 Hardware stack levels used:    1
 Hardware stack levels required when called:    3
 This function calls:
		Nothing
 This function is called by:
		_portGorevciyiBaslat
 This function uses a non-reentrant model


 *************** function _gorevciyiBaslat *****************
 Defined at:
		line 49 in file "../../../../../kaynak/gorev.c"
 Parameters:    Size  Location     Type
		None
 Auto vars:     Size  Location     Type
  s               2    0[BANK0 ] int 
 Return value:  Size  Location     Type
                  1    wreg      void 
 Registers used:
		wreg, fsr2l, fsr2h, status,2, status,0, pclath, tosl, tblptrl, tblptrh, tblptru, prodl, prodh, cstack
 Tracked objects:
		On entry : 
		On exit  : 
		Unchanged: 
 Data sizes:     COMRAM   BANK0   BANK1   BANK2   BANK3   BANK4   BANK5   BANK6   BANK7   BANK8   BANK9  BANK10  BANK11  BANK12  BANK13  BANK14  BANK15
      Params:         0       0       0       0       0       0       0       0       0       0       0       0       0       0       0       0       0
      Locals:         0       2       0       0       0       0       0       0       0       0       0       0       0       0       0       0       0
      Temps:          3       0       0       0       0       0       0       0       0       0       0       0       0       0       0       0       0
      Totals:         3       2       0       0       0       0       0       0       0       0       0       0       0       0       0       0       0
Total ram usage:        5 bytes
 Hardware stack levels used:    1
 Hardware stack levels required when called:    5
 This function calls:
		_gostergeDegeriHesapla
		_icerikDegistirici
		_icerikGuncelleyici
		_karaSimsek
		_karaSimsekHiziOkuma
		_ledCakarlama1
		_ledCakarlama2
 This function is called by:
		_portGorevciyiBaslat
 This function uses a non-reentrant model


 *************** function _icerikDegistirici *****************
 Defined at:
		line 330 in file "ornek2.c"
 Parameters:    Size  Location     Type
  tutucu          1   21[COMRAM] PTR void 
		 -> gorevler(32), 
 Auto vars:     Size  Location     Type
  VAZGECIS_BAY    1    0        unsigned char 
 Return value:  Size  Location     Type
                  1    wreg      unsigned char 
 Registers used:
		wreg, fsr2l, fsr2h, status,2, status,0, cstack
 Tracked objects:
		On entry : 
		On exit  : 
		Unchanged: 
 Data sizes:     COMRAM   BANK0   BANK1   BANK2   BANK3   BANK4   BANK5   BANK6   BANK7   BANK8   BANK9  BANK10  BANK11  BANK12  BANK13  BANK14  BANK15
      Params:         1       0       0       0       0       0       0       0       0       0       0       0       0       0       0       0       0
      Locals:         3       0       0       0       0       0       0       0       0       0       0       0       0       0       0       0       0
      Temps:          2       0       0       0       0       0       0       0       0       0       0       0       0       0       0       0       0
      Totals:         6       0       0       0       0       0       0       0       0       0       0       0       0       0       0       0       0
Total ram usage:        6 bytes
 Hardware stack levels used:    1
 Hardware stack levels required when called:    4
 This function calls:
		_tikSayiminiAl
 This function is called by:
		_main
		_gorevciyiBaslat
 This function uses a non-reentrant model


 *************** function _icerikGuncelleyici *****************
 Defined at:
		line 291 in file "ornek2.c"
 Parameters:    Size  Location     Type
  tutucu          1   21[COMRAM] PTR void 
		 -> gorevler(32), 
 Auto vars:     Size  Location     Type
  VAZGECIS_BAY    1    0        unsigned char 
 Return value:  Size  Location     Type
                  1    wreg      unsigned char 
 Registers used:
		wreg, fsr2l, fsr2h, status,2, status,0
 Tracked objects:
		On entry : 
		On exit  : 
		Unchanged: 
 Data sizes:     COMRAM   BANK0   BANK1   BANK2   BANK3   BANK4   BANK5   BANK6   BANK7   BANK8   BANK9  BANK10  BANK11  BANK12  BANK13  BANK14  BANK15
      Params:         1       0       0       0       0       0       0       0       0       0       0       0       0       0       0       0       0
      Locals:         1       0       0       0       0       0       0       0       0       0       0       0       0       0       0       0       0
      Temps:          2       0       0       0       0       0       0       0       0       0       0       0       0       0       0       0       0
      Totals:         4       0       0       0       0       0       0       0       0       0       0       0       0       0       0       0       0
Total ram usage:        4 bytes
 Hardware stack levels used:    1
 Hardware stack levels required when called:    3
 This function calls:
		Nothing
 This function is called by:
		_main
		_gorevciyiBaslat
 This function uses a non-reentrant model


 *************** function _gostergeDegeriHesapla *****************
 Defined at:
		line 278 in file "ornek2.c"
 Parameters:    Size  Location     Type
  tutucu          1   21[COMRAM] PTR void 
		 -> gorevler(32), 
 Auto vars:     Size  Location     Type
  VAZGECIS_BAY    1    0        unsigned char 
 Return value:  Size  Location     Type
                  1    wreg      unsigned char 
 Registers used:
		wreg, fsr2l, fsr2h, status,2, status,0, cstack
 Tracked objects:
		On entry : 
		On exit  : 
		Unchanged: 
 Data sizes:     COMRAM   BANK0   BANK1   BANK2   BANK3   BANK4   BANK5   BANK6   BANK7   BANK8   BANK9  BANK10  BANK11  BANK12  BANK13  BANK14  BANK15
      Params:         1       0       0       0       0       0       0       0       0       0       0       0       0       0       0       0       0
      Locals:         1       0       0       0       0       0       0       0       0       0       0       0       0       0       0       0       0
      Temps:          2       0       0       0       0       0       0       0       0       0       0       0       0       0       0       0       0
      Totals:         4       0       0       0       0       0       0       0       0       0       0       0       0       0       0       0       0
Total ram usage:        4 bytes
 Hardware stack levels used:    1
 Hardware stack levels required when called:    4
 This function calls:
		___lwdiv
 This function is called by:
		_main
		_gorevciyiBaslat
 This function uses a non-reentrant model


 *************** function _karaSimsekHiziOkuma *****************
 Defined at:
		line 237 in file "ornek2.c"
 Parameters:    Size  Location     Type
  tutucu          1   21[COMRAM] PTR void 
		 -> gorevler(32), 
 Auto vars:     Size  Location     Type
  sonuc           2   25[COMRAM] unsigned short 
  VAZGECIS_BAY    1    0        unsigned char 
 Return value:  Size  Location     Type
                  1    wreg      unsigned char 
 Registers used:
		wreg, fsr2l, fsr2h, status,2, status,0, cstack
 Tracked objects:
		On entry : 
		On exit  : 
		Unchanged: 
 Data sizes:     COMRAM   BANK0   BANK1   BANK2   BANK3   BANK4   BANK5   BANK6   BANK7   BANK8   BANK9  BANK10  BANK11  BANK12  BANK13  BANK14  BANK15
      Params:         1       0       0       0       0       0       0       0       0       0       0       0       0       0       0       0       0
      Locals:         3       0       0       0       0       0       0       0       0       0       0       0       0       0       0       0       0
      Temps:          2       0       0       0       0       0       0       0       0       0       0       0       0       0       0       0       0
      Totals:         6       0       0       0       0       0       0       0       0       0       0       0       0       0       0       0       0
Total ram usage:        6 bytes
 Hardware stack levels used:    1
 Hardware stack levels required when called:    4
 This function calls:
		___lwdiv
		_tikSayiminiAl
 This function is called by:
		_main
		_gorevciyiBaslat
 This function uses a non-reentrant model


 *************** function _karaSimsek *****************
 Defined at:
		line 191 in file "ornek2.c"
 Parameters:    Size  Location     Type
  tutucu          1   21[COMRAM] PTR void 
		 -> gorevler(32), 
 Auto vars:     Size  Location     Type
  VAZGECIS_BAY    1    0        unsigned char 
 Return value:  Size  Location     Type
                  1    wreg      unsigned char 
 Registers used:
		wreg, fsr2l, fsr2h, status,2, status,0, cstack
 Tracked objects:
		On entry : 
		On exit  : 
		Unchanged: 
 Data sizes:     COMRAM   BANK0   BANK1   BANK2   BANK3   BANK4   BANK5   BANK6   BANK7   BANK8   BANK9  BANK10  BANK11  BANK12  BANK13  BANK14  BANK15
      Params:         1       0       0       0       0       0       0       0       0       0       0       0       0       0       0       0       0
      Locals:         1       0       0       0       0       0       0       0       0       0       0       0       0       0       0       0       0
      Temps:          2       0       0       0       0       0       0       0       0       0       0       0       0       0       0       0       0
      Totals:         4       0       0       0       0       0       0       0       0       0       0       0       0       0       0       0       0
Total ram usage:        4 bytes
 Hardware stack levels used:    1
 Hardware stack levels required when called:    4
 This function calls:
		_tikSayiminiAl
 This function is called by:
		_main
		_gorevciyiBaslat
 This function uses a non-reentrant model


 *************** function _ledCakarlama1 *****************
 Defined at:
		line 67 in file "ornek2.c"
 Parameters:    Size  Location     Type
  tutucu          1   21[COMRAM] PTR void 
		 -> gorevler(32), 
 Auto vars:     Size  Location     Type
  VAZGECIS_BAY    1    0        unsigned char 
 Return value:  Size  Location     Type
                  1    wreg      unsigned char 
 Registers used:
		wreg, fsr2l, fsr2h, status,2, status,0, tblptrl, tblptrh, tblptru, prodl, prodh, cstack
 Tracked objects:
		On entry : 
		On exit  : 
		Unchanged: 
 Data sizes:     COMRAM   BANK0   BANK1   BANK2   BANK3   BANK4   BANK5   BANK6   BANK7   BANK8   BANK9  BANK10  BANK11  BANK12  BANK13  BANK14  BANK15
      Params:         1       0       0       0       0       0       0       0       0       0       0       0       0       0       0       0       0
      Locals:         1       0       0       0       0       0       0       0       0       0       0       0       0       0       0       0       0
      Temps:          2       0       0       0       0       0       0       0       0       0       0       0       0       0       0       0       0
      Totals:         4       0       0       0       0       0       0       0       0       0       0       0       0       0       0       0       0
Total ram usage:        4 bytes
 Hardware stack levels used:    1
 Hardware stack levels required when called:    4
 This function calls:
		_tikSayiminiAl
 This function is called by:
		_main
		_gorevciyiBaslat
 This function uses a non-reentrant model


 *************** function _ledCakarlama2 *****************
 Defined at:
		line 136 in file "ornek2.c"
 Parameters:    Size  Location     Type
  tutucu          1   21[COMRAM] PTR void 
		 -> gorevler(32), 
 Auto vars:     Size  Location     Type
  VAZGECIS_BAY    1    0        unsigned char 
 Return value:  Size  Location     Type
                  1    wreg      unsigned char 
 Registers used:
		wreg, fsr2l, fsr2h, status,2, status,0, cstack
 Tracked objects:
		On entry : 
		On exit  : 
		Unchanged: 
 Data sizes:     COMRAM   BANK0   BANK1   BANK2   BANK3   BANK4   BANK5   BANK6   BANK7   BANK8   BANK9  BANK10  BANK11  BANK12  BANK13  BANK14  BANK15
      Params:         1       0       0       0       0       0       0       0       0       0       0       0       0       0       0       0       0
      Locals:         1       0       0       0       0       0       0       0       0       0       0       0       0       0       0       0       0
      Temps:          2       0       0       0       0       0       0       0       0       0       0       0       0       0       0       0       0
      Totals:         4       0       0       0       0       0       0       0       0       0       0       0       0       0       0       0       0
Total ram usage:        4 bytes
 Hardware stack levels used:    1
 Hardware stack levels required when called:    4
 This function calls:
		_tikSayiminiAl
 This function is called by:
		_main
		_gorevciyiBaslat
 This function uses a non-reentrant model


 *************** function _tikSayiminiAl *****************
 Defined at:
		line 57 in file "../../../../../kaynak/gorev.c"
 Parameters:    Size  Location     Type
		None
 Auto vars:     Size  Location     Type
  sayim           2   16[COMRAM] unsigned int 
 Return value:  Size  Location     Type
                  2   14[COMRAM] unsigned int 
 Registers used:
		None
 Tracked objects:
		On entry : 
		On exit  : 
		Unchanged: 
 Data sizes:     COMRAM   BANK0   BANK1   BANK2   BANK3   BANK4   BANK5   BANK6   BANK7   BANK8   BANK9  BANK10  BANK11  BANK12  BANK13  BANK14  BANK15
      Params:         2       0       0       0       0       0       0       0       0       0       0       0       0       0       0       0       0
      Locals:         2       0       0       0       0       0       0       0       0       0       0       0       0       0       0       0       0
      Temps:          0       0       0       0       0       0       0       0       0       0       0       0       0       0       0       0       0
      Totals:         4       0       0       0       0       0       0       0       0       0       0       0       0       0       0       0       0
Total ram usage:        4 bytes
 Hardware stack levels used:    1
 Hardware stack levels required when called:    3
 This function calls:
		Nothing
 This function is called by:
		_ledCakarlama1
		_ledCakarlama2
		_karaSimsek
		_karaSimsekHiziOkuma
		_icerikDegistirici
 This function uses a non-reentrant model


 *************** function ___lwdiv *****************
 Defined at:
		line 7 in file "/opt/microchip/xc8/v2.31/pic/sources/c99/common/lwdiv.c"
 Parameters:    Size  Location     Type
  dividend        2   14[COMRAM] unsigned int 
  divisor         2   16[COMRAM] unsigned int 
 Auto vars:     Size  Location     Type
  quotient        2   19[COMRAM] unsigned int 
  counter         1   18[COMRAM] unsigned char 
 Return value:  Size  Location     Type
                  2   14[COMRAM] unsigned int 
 Registers used:
		wreg, status,2, status,0
 Tracked objects:
		On entry : 
		On exit  : 
		Unchanged: 
 Data sizes:     COMRAM   BANK0   BANK1   BANK2   BANK3   BANK4   BANK5   BANK6   BANK7   BANK8   BANK9  BANK10  BANK11  BANK12  BANK13  BANK14  BANK15
      Params:         4       0       0       0       0       0       0       0       0       0       0       0       0       0       0       0       0
      Locals:         3       0       0       0       0       0       0       0       0       0       0       0       0       0       0       0       0
      Temps:          0       0       0       0       0       0       0       0       0       0       0       0       0       0       0       0       0
      Totals:         7       0       0       0       0       0       0       0       0       0       0       0       0       0       0       0       0
Total ram usage:        7 bytes
 Hardware stack levels used:    1
 Hardware stack levels required when called:    3
 This function calls:
		Nothing
 This function is called by:
		_karaSimsekHiziOkuma
		_gostergeDegeriHesapla
 This function uses a non-reentrant model


 *************** function _gorevOlustur *****************
 Defined at:
		line 39 in file "../../../../../kaynak/gorev.c"
 Parameters:    Size  Location     Type
  is              2   14[COMRAM] PTR FTN(PTR void ,)unsig
		 -> icerikDegistirici(1), icerikGuncelleyici(1), gostergeDegeriHesapla(1), karaSimsekHiziOkuma(1), 
		 -> karaSimsek(1), ledCakarlama2(1), ledCakarlama1(1), 
 Auto vars:     Size  Location     Type
  gkb             1   16[COMRAM] PTR struct .
		 -> gorevler(32), 
 Return value:  Size  Location     Type
                  2   14[COMRAM] PTR struct .
 Registers used:
		wreg, fsr2l, fsr2h, status,2, status,0, prodl, prodh
 Tracked objects:
		On entry : 
		On exit  : 
		Unchanged: 
 Data sizes:     COMRAM   BANK0   BANK1   BANK2   BANK3   BANK4   BANK5   BANK6   BANK7   BANK8   BANK9  BANK10  BANK11  BANK12  BANK13  BANK14  BANK15
      Params:         2       0       0       0       0       0       0       0       0       0       0       0       0       0       0       0       0
      Locals:         1       0       0       0       0       0       0       0       0       0       0       0       0       0       0       0       0
      Temps:          0       0       0       0       0       0       0       0       0       0       0       0       0       0       0       0       0
      Totals:         3       0       0       0       0       0       0       0       0       0       0       0       0       0       0       0       0
Total ram usage:        3 bytes
 Hardware stack levels used:    1
 Hardware stack levels required when called:    3
 This function calls:
		Nothing
 This function is called by:
		_main
 This function uses a non-reentrant model


 *************** function _interruptYonetici *****************
 Defined at:
		line 50 in file "interrupt.c"
 Parameters:    Size  Location     Type
		None
 Auto vars:     Size  Location     Type
		None
 Return value:  Size  Location     Type
                  1    wreg      void 
 Registers used:
		wreg, fsr0l, fsr0h, fsr1l, fsr1h, fsr1l, fsr1h, fsr2l, fsr2h, status,2, status,0, pclath, btemp, btemp+1, btemp+2, btemp+3, btemp+4, btemp+5, btemp+6, btemp+7, btemp+8, btemp+9, btemp+10, btemp+11, btemp+12, btemp+13, btemp+14, btemp+15, btemp+16, btemp+17, btemp+18, btemp+19, btemp+20, btemp+21, btemp+22, btemp+23, btemp+24, btemp+25, btemp+26, btemp+27, btemp+28, btemp+29, btemp+30, btemp+31, tosl, structret, tblptrl, tblptrh, tblptru, prodl, prodh, bsr, cstack
 Tracked objects:
		On entry : 
		On exit  : 
		Unchanged: 
 Data sizes:     COMRAM   BANK0   BANK1   BANK2   BANK3   BANK4   BANK5   BANK6   BANK7   BANK8   BANK9  BANK10  BANK11  BANK12  BANK13  BANK14  BANK15
      Params:         0       0       0       0       0       0       0       0       0       0       0       0       0       0       0       0       0
      Locals:         0       0       0       0       0       0       0       0       0       0       0       0       0       0       0       0       0
      Temps:         14       0       0       0       0       0       0       0       0       0       0       0       0       0       0       0       0
      Totals:        14       0       0       0       0       0       0       0       0       0       0       0       0       0       0       0       0
Total ram usage:       14 bytes
 Hardware stack levels used:    1
 Hardware stack levels required when called:    2
 This function calls:
		Absolute function
		_sisTimerKesmeIsleyici
 This function is called by:
		Interrupt level 2
 This function uses a non-reentrant model


 *************** function _sisTimerKesmeIsleyici *****************
 Defined at:
		line 124 in file "sistimer.c"
 Parameters:    Size  Location     Type
		None
 Auto vars:     Size  Location     Type
		None
 Return value:  Size  Location     Type
                  1    wreg      void 
 Registers used:
		wreg, fsr0l, fsr0h, fsr1l, fsr1h, fsr1l, fsr1h, fsr2l, fsr2h, status,2, status,0, pclath, btemp, btemp+1, btemp+2, btemp+3, btemp+4, btemp+5, btemp+6, btemp+7, btemp+8, btemp+9, btemp+10, btemp+11, btemp+12, btemp+13, btemp+14, btemp+15, btemp+16, btemp+17, btemp+18, btemp+19, btemp+20, btemp+21, btemp+22, btemp+23, btemp+24, btemp+25, btemp+26, btemp+27, btemp+28, btemp+29, btemp+30, btemp+31, tosl, structret, tblptrl, tblptrh, tblptru, prodl, prodh, bsr, cstack
 Tracked objects:
		On entry : 
		On exit  : 
		Unchanged: 
 Data sizes:     COMRAM   BANK0   BANK1   BANK2   BANK3   BANK4   BANK5   BANK6   BANK7   BANK8   BANK9  BANK10  BANK11  BANK12  BANK13  BANK14  BANK15
      Params:         0       0       0       0       0       0       0       0       0       0       0       0       0       0       0       0       0
      Locals:         0       0       0       0       0       0       0       0       0       0       0       0       0       0       0       0       0
      Temps:          0       0       0       0       0       0       0       0       0       0       0       0       0       0       0       0       0
      Totals:         0       0       0       0       0       0       0       0       0       0       0       0       0       0       0       0       0
Total ram usage:        0 bytes
 Hardware stack levels used:    1
 Hardware stack levels required when called:    1
 This function calls:
		Absolute function
		_sisTikKesmeIsleyici
		_sisTimerIsleyiciVarsayilan
 This function is called by:
		_sisTimerIlkle
		_interruptYonetici
 This function uses a non-reentrant model


 *************** function _sisTikKesmeIsleyici *****************
 Defined at:
		line 77 in file "../../../../../kaynak/gorev.c"
 Parameters:    Size  Location     Type
		None
 Auto vars:     Size  Location     Type
		None
 Return value:  Size  Location     Type
                  1    wreg      void 
 Registers used:
		status,2, status,0
 Tracked objects:
		On entry : 
		On exit  : 
		Unchanged: 
 Data sizes:     COMRAM   BANK0   BANK1   BANK2   BANK3   BANK4   BANK5   BANK6   BANK7   BANK8   BANK9  BANK10  BANK11  BANK12  BANK13  BANK14  BANK15
      Params:         0       0       0       0       0       0       0       0       0       0       0       0       0       0       0       0       0
      Locals:         0       0       0       0       0       0       0       0       0       0       0       0       0       0       0       0       0
      Temps:          0       0       0       0       0       0       0       0       0       0       0       0       0       0       0       0       0
      Totals:         0       0       0       0       0       0       0       0       0       0       0       0       0       0       0       0       0
Total ram usage:        0 bytes
 Hardware stack levels used:    1
 This function calls:
		Nothing
 This function is called by:
		_portGorevciyiBaslat
		_sisTimerKesmeIsleyici
 This function uses a non-reentrant model


 *************** function _sisTimerIsleyiciVarsayilan *****************
 Defined at:
		line 120 in file "sistimer.c"
 Parameters:    Size  Location     Type
		None
 Auto vars:     Size  Location     Type
		None
 Return value:  Size  Location     Type
                  1    wreg      void 
 Registers used:
		None
 Tracked objects:
		On entry : 
		On exit  : 
		Unchanged: 
 Data sizes:     COMRAM   BANK0   BANK1   BANK2   BANK3   BANK4   BANK5   BANK6   BANK7   BANK8   BANK9  BANK10  BANK11  BANK12  BANK13  BANK14  BANK15
      Params:         0       0       0       0       0       0       0       0       0       0       0       0       0       0       0       0       0
      Locals:         0       0       0       0       0       0       0       0       0       0       0       0       0       0       0       0       0
      Temps:          0       0       0       0       0       0       0       0       0       0       0       0       0       0       0       0       0
      Totals:         0       0       0       0       0       0       0       0       0       0       0       0       0       0       0       0       0
Total ram usage:        0 bytes
 Hardware stack levels used:    1
 This function calls:
		Nothing
 This function is called by:
		_sisTimerIlkle
		_sisTimerKesmeIsleyici
 This function uses a non-reentrant model



MODULE INFORMATION

Module		Function		Class		Link	Load	Size
sistimer.c
		_sisTimerIsleyiciVarsayilan		CODE           	19B6	0000	2
		_sisTimerKesmeIsleyici		CODE           	1942	0000	30
		_sisTimerIlkle 		CODE           	1898	0000	64

sistimer.c estimated size: 96

ornek2.c
		_gostergeDegeriHesapla		CODE           	16FC	0000	136
		_main          		CODE           	17E6	0000	96
		_icerikDegistirici		CODE           	1570	0000	202
		_icerikGuncelleyici		CODE           	149A	0000	214
		_karaSimsekHiziOkuma		CODE           	13A6	0000	244
		_ledCakarlama1 		CODE           	126C	0000	314
		_ledCakarlama2 		CODE           	1022	0000	586
		_karaSimsek    		CODE           	163A	0000	194

ornek2.c estimated size: 1986

osilator.c
		_sisOsilatorIlkle		CODE           	1994	0000	14

osilator.c estimated size: 14

../../../../../kaynak/gorev.c
		_sisTikKesmeIsleyici		CODE           	19AC	0000	6
		_gorevciyiBaslat		CODE           	1784	0000	98
		_tikSayiminiAl 		CODE           	1960	0000	28
		_gorevOlustur  		CODE           	18D8	0000	54

../../../../../kaynak/gorev.c estimated size: 186

interrupt.c
		_timer0KesmeIsleyiciKur		CODE           	19A2	0000	10
		_interruptYonetici		CODE           	0008	0000	170
		_interruptIlkle		CODE           	19B2	0000	4

interrupt.c estimated size: 184

shared
		ledCakarlama1@sonSira		SMALLCONST     	0000	0000	0
		__initialization		CODE           	190E	0000	42
		ledCakarlama1@sureler		SMALLCONST     	1002	0000	30

shared estimated size: 72

../../../../../kaynak/portlar/mplabx/xc8/pic18/port.c
		_portGorevciyiBaslat		CODE           	197C	0000	24

../../../../../kaynak/portlar/mplabx/xc8/pic18/port.c estimated size: 24

/opt/microchip/xc8/v2.31/pic/sources/c99/common/lwdiv.c
		___lwdiv       		CODE           	1846	0000	82

/opt/microchip/xc8/v2.31/pic/sources/c99/common/lwdiv.c estimated size: 82

